Report End Points: 
-----+-------+------+-------+-----+-----+-----+-----+-----------+---------
     |Group  |Launch|Capture|Shift|Delay|Depth|Slack|Begin Point|End Point
-----+-------+------+-------+-----+-----+-----+-----+-----------+---------
1    |default|      |       |     |     |     |     |           |         
-----+-------+------+-------+-----+-----+-----+-----+-----------+---------
Report End Points: 
-----+-----+------+-------+-----+-----+-----+-----+-----------+---------
     |Group|Launch|Capture|Shift|Delay|Depth|Slack|Begin Point|End Point
-----+-----+------+-------+-----+-----+-----+-----+-----------+---------
1    |I2R  |      |       |     |     |     |     |           |         
-----+-----+------+-------+-----+-----+-----+-----+-----------+---------
Report End Points: 
-----+-----+-------+-------+-------+-----+-----+-------+-----------+---------
     |Group|Launch |Capture|Shift  |Delay|Depth|Slack  |Begin Point|End Point
-----+-----+-------+-------+-------+-----+-----+-------+-----------+---------
1    |I2O  |vsysclk|vsysclk|20000.0|921.3|   16|17578.7|in1[0]     |of       
2    |I2O  |vsysclk|vsysclk|20000.0|755.1|   14|17744.9|in1[0]     |sum[31]  
3    |I2O  |vsysclk|vsysclk|20000.0|734.5|   14|17765.5|in1[4]     |sum[28]  
4    |I2O  |vsysclk|vsysclk|20000.0|734.4|   14|17765.6|in1[4]     |cout     
5    |I2O  |vsysclk|vsysclk|20000.0|734.3|   14|17765.7|in1[4]     |sum[30]  
6    |I2O  |vsysclk|vsysclk|20000.0|734.3|   14|17765.7|in1[4]     |sum[29]  
7    |I2O  |vsysclk|vsysclk|20000.0|654.2|   13|17845.8|in1[0]     |sum[25]  
8    |I2O  |vsysclk|vsysclk|20000.0|654.2|   13|17845.8|in1[0]     |sum[24]  
9    |I2O  |vsysclk|vsysclk|20000.0|653.9|   13|17846.1|in1[0]     |sum[27]  
10   |I2O  |vsysclk|vsysclk|20000.0|653.9|   13|17846.1|in1[0]     |sum[26]  
11   |I2O  |vsysclk|vsysclk|20000.0|571.9|   12|17928.1|in1[4]     |sum[23]  
12   |I2O  |vsysclk|vsysclk|20000.0|571.9|   12|17928.1|in1[4]     |sum[20]  
13   |I2O  |vsysclk|vsysclk|20000.0|571.7|   12|17928.3|in1[4]     |sum[22]  
14   |I2O  |vsysclk|vsysclk|20000.0|571.7|   12|17928.3|in1[4]     |sum[21]  
15   |I2O  |vsysclk|vsysclk|20000.0|491.6|   11|18008.4|in1[0]     |sum[17]  
16   |I2O  |vsysclk|vsysclk|20000.0|491.6|   11|18008.4|in1[0]     |sum[16]  
17   |I2O  |vsysclk|vsysclk|20000.0|491.4|   11|18008.6|in1[0]     |sum[19]  
18   |I2O  |vsysclk|vsysclk|20000.0|491.4|   11|18008.6|in1[0]     |sum[18]  
19   |I2O  |vsysclk|vsysclk|20000.0|409.4|   10|18090.6|in1[4]     |sum[15]  
20   |I2O  |vsysclk|vsysclk|20000.0|409.4|   10|18090.6|in1[4]     |sum[12]  
21   |I2O  |vsysclk|vsysclk|20000.0|409.2|   10|18090.8|in1[4]     |sum[14]  
22   |I2O  |vsysclk|vsysclk|20000.0|409.2|   10|18090.8|in1[4]     |sum[13]  
23   |I2O  |vsysclk|vsysclk|20000.0|329.1|    9|18170.9|in1[0]     |sum[9]   
24   |I2O  |vsysclk|vsysclk|20000.0|329.1|    9|18170.9|in1[0]     |sum[8]   
25   |I2O  |vsysclk|vsysclk|20000.0|328.9|    9|18171.1|in1[0]     |sum[11]  
26   |I2O  |vsysclk|vsysclk|20000.0|328.9|    9|18171.1|in1[0]     |sum[10]  
27   |I2O  |vsysclk|vsysclk|20000.0|282.3|    8|18217.7|in1[4]     |sum[7]   
28   |I2O  |vsysclk|vsysclk|20000.0|241.8|    8|18258.2|in1[0]     |sum[4]   
29   |I2O  |vsysclk|vsysclk|20000.0|241.5|    8|18258.5|in1[0]     |sum[6]   
30   |I2O  |vsysclk|vsysclk|20000.0|241.5|    8|18258.5|in1[0]     |sum[5]   
31   |I2O  |vsysclk|vsysclk|20000.0|218.6|    7|18281.4|in1[0]     |sum[3]   
32   |I2O  |vsysclk|vsysclk|20000.0|171.5|    5|18328.5|in1[0]     |sum[2]   
33   |I2O  |vsysclk|vsysclk|20000.0|124.4|    3|18375.6|in1[0]     |sum[1]   
34   |I2O  |vsysclk|vsysclk|20000.0| 69.6|    1|18430.4|in1[0]     |sum[0]   
-----+-----+-------+-------+-------+-----+-----+-------+-----------+---------
Report End Points: 
-----+-----+------+-------+-----+-----+-----+-----+-----------+---------
     |Group|Launch|Capture|Shift|Delay|Depth|Slack|Begin Point|End Point
-----+-----+------+-------+-----+-----+-----+-----+-----------+---------
1    |R2O  |      |       |     |     |     |     |           |         
-----+-----+------+-------+-----+-----+-----+-----+-----------+---------
