warning: No library characterized for (process = 1.00 voltage = 0.85 temperature = 25.00) can be found in the database for power domain '/PD_TOP'  [NL-174]
Report Power (instances with prefix '*' are included in total) : 
-----+----------+--------------------+---------------------+-------------------+-----------------
     | Instance | Internal Power(uw) | Switching Power(uw) | Leakage Power(uw) | Total Power(uw) 
-----+----------+--------------------+---------------------+-------------------+-----------------
1    |*rc0      |            0.861228|             2.083497|           0.452094|         3.396819
2    |*skip0    |            0.371456|             0.544180|           0.213918|         1.129554
3    |*skipFinal|            0.397057|             0.452204|           0.214294|         1.063555
4    |*skip6    |            0.397488|             0.467316|           0.214294|         1.079097
5    |*skip5    |            0.397488|             0.467316|           0.214294|         1.079097
6    |*skip4    |            0.397488|             0.467317|           0.214294|         1.079099
7    |*skip3    |            0.397494|             0.467327|           0.214294|         1.079114
8    |*skip2    |            0.397541|             0.467412|           0.214294|         1.079247
9    |*skip1    |            0.397930|             0.468108|           0.214294|         1.080331
10   |*rc7      |            1.101988|             2.280133|           0.557316|         3.939438
11   |*rc6      |            1.030043|             1.983510|           0.521153|         3.534705
12   |*rc5      |            1.030040|             1.982953|           0.521153|         3.534145
13   |*rc4      |            1.030028|             1.982545|           0.521153|         3.533726
14   |*rc3      |            1.029932|             1.981944|           0.521153|         3.533029
15   |*rc2      |            1.029103|             1.981139|           0.521153|         3.531395
16   |*rc1      |            1.022733|             1.975614|           0.521153|         3.519499
17   |          |                    |                     |                   |                 
18   |*TOTAL    |           11.289037|            20.052513|           5.850301|        37.191853
-----+----------+--------------------+---------------------+-------------------+-----------------
