Report End Points: 
-----+-------+------+-------+-----+-----+-----+-----+-----------+---------
     |Group  |Launch|Capture|Shift|Delay|Depth|Slack|Begin Point|End Point
-----+-------+------+-------+-----+-----+-----+-----+-----------+---------
1    |default|      |       |     |     |     |     |           |         
-----+-------+------+-------+-----+-----+-----+-----+-----------+---------
Report End Points: 
-----+-----+------+-------+-----+-----+-----+-----+-----------+---------
     |Group|Launch|Capture|Shift|Delay|Depth|Slack|Begin Point|End Point
-----+-----+------+-------+-----+-----+-----+-----+-----------+---------
1    |I2R  |      |       |     |     |     |     |           |         
-----+-----+------+-------+-----+-----+-----+-----+-----------+---------
Report End Points: 
-----+-----+-------+-------+-------+------+-----+-------+-----------+---------
     |Group|Launch |Capture|Shift  |Delay |Depth|Slack  |Begin Point|End Point
-----+-----+-------+-------+-------+------+-----+-------+-----------+---------
1    |I2O  |vsysclk|vsysclk|20000.0|2420.1|   34|16079.9|a[0]       |overflow 
2    |I2O  |vsysclk|vsysclk|20000.0|2358.5|   32|16141.5|a[0]       |S[31]    
3    |I2O  |vsysclk|vsysclk|20000.0|2293.5|   32|16206.5|a[0]       |carry    
4    |I2O  |vsysclk|vsysclk|20000.0|2265.9|   31|16234.1|a[0]       |S[30]    
5    |I2O  |vsysclk|vsysclk|20000.0|2193.3|   30|16306.7|a[0]       |S[29]    
6    |I2O  |vsysclk|vsysclk|20000.0|2120.8|   29|16379.2|a[0]       |S[28]    
7    |I2O  |vsysclk|vsysclk|20000.0|2048.3|   28|16451.7|a[0]       |S[27]    
8    |I2O  |vsysclk|vsysclk|20000.0|1975.8|   27|16524.2|a[0]       |S[26]    
9    |I2O  |vsysclk|vsysclk|20000.0|1903.3|   26|16596.7|a[0]       |S[25]    
10   |I2O  |vsysclk|vsysclk|20000.0|1830.8|   25|16669.2|a[0]       |S[24]    
11   |I2O  |vsysclk|vsysclk|20000.0|1758.3|   24|16741.7|a[0]       |S[23]    
12   |I2O  |vsysclk|vsysclk|20000.0|1685.8|   23|16814.2|a[0]       |S[22]    
13   |I2O  |vsysclk|vsysclk|20000.0|1613.3|   22|16886.7|a[0]       |S[21]    
14   |I2O  |vsysclk|vsysclk|20000.0|1540.8|   21|16959.2|a[0]       |S[20]    
15   |I2O  |vsysclk|vsysclk|20000.0|1468.3|   20|17031.7|a[0]       |S[19]    
16   |I2O  |vsysclk|vsysclk|20000.0|1395.8|   19|17104.2|a[0]       |S[18]    
17   |I2O  |vsysclk|vsysclk|20000.0|1323.3|   18|17176.7|a[0]       |S[17]    
18   |I2O  |vsysclk|vsysclk|20000.0|1250.8|   17|17249.2|a[0]       |S[16]    
19   |I2O  |vsysclk|vsysclk|20000.0|1178.3|   16|17321.7|a[0]       |S[15]    
20   |I2O  |vsysclk|vsysclk|20000.0|1105.8|   15|17394.2|a[0]       |S[14]    
21   |I2O  |vsysclk|vsysclk|20000.0|1033.3|   14|17466.7|a[0]       |S[13]    
22   |I2O  |vsysclk|vsysclk|20000.0| 960.8|   13|17539.2|a[0]       |S[12]    
23   |I2O  |vsysclk|vsysclk|20000.0| 888.3|   12|17611.7|a[0]       |S[11]    
24   |I2O  |vsysclk|vsysclk|20000.0| 815.8|   11|17684.2|a[0]       |S[10]    
25   |I2O  |vsysclk|vsysclk|20000.0| 743.3|   10|17756.7|a[0]       |S[9]     
26   |I2O  |vsysclk|vsysclk|20000.0| 670.8|    9|17829.2|a[0]       |S[8]     
27   |I2O  |vsysclk|vsysclk|20000.0| 598.3|    8|17901.7|a[0]       |S[7]     
28   |I2O  |vsysclk|vsysclk|20000.0| 525.8|    7|17974.2|a[0]       |S[6]     
29   |I2O  |vsysclk|vsysclk|20000.0| 453.2|    6|18046.8|a[0]       |S[5]     
30   |I2O  |vsysclk|vsysclk|20000.0| 380.7|    5|18119.3|a[0]       |S[4]     
31   |I2O  |vsysclk|vsysclk|20000.0| 308.2|    4|18191.8|a[0]       |S[3]     
32   |I2O  |vsysclk|vsysclk|20000.0| 235.7|    3|18264.3|a[0]       |S[2]     
33   |I2O  |vsysclk|vsysclk|20000.0| 163.2|    2|18336.8|a[0]       |S[1]     
34   |I2O  |vsysclk|vsysclk|20000.0|  95.5|    1|18404.5|b[0]       |S[0]     
-----+-----+-------+-------+-------+------+-----+-------+-----------+---------
Report End Points: 
-----+-----+------+-------+-----+-----+-----+-----+-----------+---------
     |Group|Launch|Capture|Shift|Delay|Depth|Slack|Begin Point|End Point
-----+-----+------+-------+-----+-----+-----+-----+-----------+---------
1    |R2O  |      |       |     |     |     |     |           |         
-----+-----+------+-------+-----+-----+-----+-----+-----------+---------
