Report for group default
Report for group I2R
Report for group I2O
------------------------------------------------------------------------------------------------------------------------------------------------------------
Startpoint: A[23]
    (Clocked by vsysclk R)
Endpoint: Sum[30]
    (Clocked by vsysclk R)
Path Group: I2O
Data required time: 19500.0
    (Clock shift: 20000.0, minus Uncertainty: 0.0, plus Latency 0.0, minus Out delay: 500.0)
Data arrival time: 3958.7
Slack: 15541.3
Logic depth: 68
------------------------------------------------------------------------------------------------------------------------------------------------------------
                                                     Arrival               Arc      Net               Net    Total   fan-                                   
Path                     Module/Cell           Edge     Time    Delay    Delay    Delay     Slew     Load     Load    out     Location Power Domain      (V)
                                                        (ps)     (ps)     (ps)     (ps)     (ps)     (ff)     (ff)    (#)      (um,um)                      
------------------------------------------------------------------------------------------------------------------------------------------------------------
A[23]                    {set_input_delay}        r   1000.0   1000.0   1000.0                        2.9     32.5      2    51,    0                       
i_0_0_677/A->ZN          INV_X8                  rf   1004.7      4.7      4.4      0.3      0.0      0.5      6.6      2    51,   52  /PD_TOP        (1.10)
i_0_0_617/A2->ZN         NAND2_X4*               fr   1034.8     30.1     30.1      0.0      3.7      0.5     29.9      2    51,   52  /PD_TOP        (1.10)
i_0_0_616/A->ZN          INV_X8                  rf   1042.8      8.0      8.0      0.0     15.3      0.6      7.9      2    51,   52  /PD_TOP        (1.10)
i_0_0_615/B2->ZN         AOI21_X4                fr   1077.4     34.6     34.6      0.0      3.9      0.6      8.5      2    51,   52  /PD_TOP        (1.10)
i_0_0_614/B2->ZN         AOI21_X4                rf   1098.4     21.0     21.0      0.0     26.6      0.6      8.2      2    51,   52  /PD_TOP        (1.10)
i_0_0_613/A->ZN          AOI21_X4                fr   1137.6     39.2     39.2      0.0      9.3      0.3      4.5      1    51,   52  /PD_TOP        (1.10)
i_0_0_612/A2->ZN         NOR2_X4                 rf   1152.2     14.6     14.6      0.0     21.8      0.6      8.3      2    51,   52  /PD_TOP        (1.10)
i_0_0_600/B->ZN          XNOR2_X2*               fr   1260.4    108.2    108.2      0.0      6.5      2.4     55.7      8    51,   52  /PD_TOP        (1.10)
i_0_0_560/A2->ZN         NOR2_X4                 rf   1278.3     17.9     17.8      0.1     15.3      2.7     20.2      7    51,   52  /PD_TOP        (1.10)
i_0_0_515/C2->ZN         AOI222_X4               fr   1431.1    152.8    152.7      0.1      9.2      0.7     30.2      2    51,   52  /PD_TOP        (1.10)
i_0_0_514/A->ZN          INV_X8                  rf   1437.6      6.5      6.5      0.0     20.7      0.3      2.8      1    51,   52  /PD_TOP        (1.10)
i_0_0_513/C2->ZN         AOI222_X2               fr   1555.2    117.6    117.6      0.0      3.3      0.8      9.1      2    51,   52  /PD_TOP        (1.10)
i_0_0_500/B2->ZN         AOI22_X4                rf   1589.0     33.8     33.8      0.0     72.7      0.8      5.7      2    51,   52  /PD_TOP        (1.10)
i_0_0_499/C2->ZN         AOI222_X4               fr   1743.4    154.4    154.4      0.0     12.9      0.7     30.1      2    51,   52  /PD_TOP        (1.10)
i_0_0_498/A->ZN          INV_X8                  rf   1752.7      9.3      9.3      0.0     20.6      1.0     10.6      3    51,   52  /PD_TOP        (1.10)
i_0_0_246/C1->ZN         AOI222_X2               fr   1843.5     90.8     90.8      0.0      4.2      0.4      4.3      1    51,   52  /PD_TOP        (1.10)
i_0_0_245/A4->ZN         NAND4_X4                rf   1879.6     36.1     36.1      0.0     55.0      0.4      4.2      1    51,   52  /PD_TOP        (1.10)
i_0_0_244/A4->ZN         NOR4_X4                 fr   1963.3     83.7     83.7      0.0     15.4      0.3      4.4      1    51,   52  /PD_TOP        (1.10)
i_0_0_231/B1->ZN         AOI21_X4*               rf   2006.4     43.1     43.1      0.0     42.9      1.2     35.4      4    51,   52  /PD_TOP        (1.10)
i_0_0_230/A->ZN          INV_X32                 fr   2036.5     30.1     30.1      0.0     15.3     13.3    201.1     45    51,   52  /PD_TOP        (1.10)
i_0_0_7/B2->ZN           AOI21_X4                rf   2059.0     22.5     22.0      0.5     19.2      0.8     12.4      3    51,   52  /PD_TOP        (1.10)
CLA_dut/cla1/i_0_13/A2->ZN
                         NOR2_X4                 fr   2087.8     28.8     28.8      0.0     11.0      0.3      4.3      1    51,   52  /PD_TOP        (1.10)
CLA_dut/cla1/i_0_10/B1->ZN
                         OAI21_X4                rf   2105.7     17.9     17.9      0.0     15.5      0.6      7.6      2    51,   52  /PD_TOP        (1.10)
CLA_dut/cla1/i_0_9/A->ZN AOI21_X4                fr   2173.1     67.4     67.4      0.0     10.8      0.3     25.7      1    51,   52  /PD_TOP        (1.10)
CLA_dut/cla1/i_0_8/A->ZN INV_X8                  rf   2179.5      6.4      6.4      0.0     46.8      0.3      4.2      1    51,   52  /PD_TOP        (1.10)
CLA_dut/cla1/i_0_7/A->ZN OAI21_X4                fr   2199.4     19.9     19.9      0.0      3.4      0.6      8.5      2    51,   52  /PD_TOP        (1.10)
CLA_dut/cla1/i_0_0/B2->ZN
                         AOI21_X4                rf   2219.5     20.1     20.1      0.0     23.3      0.6      7.8      2    51,   52  /PD_TOP        (1.10)
CLA_dut/genblk1_4_cla/i_0_13/B1->ZN
                         AOI22_X4*               fr   2291.7     72.2     72.2      0.0      9.1      0.6     29.2      2    51,   52  /PD_TOP        (1.10)
CLA_dut/genblk1_4_cla/i_0_12/A->ZN
                         INV_X8                  rf   2298.6      6.9      6.9      0.0     15.3      0.3      4.2      1    51,   52  /PD_TOP        (1.10)
CLA_dut/genblk1_4_cla/i_0_10/B1->ZN
                         AOI22_X4*               fr   2368.2     69.6     69.6      0.0      3.4      0.6     29.2      2    51,   52  /PD_TOP        (1.10)
CLA_dut/genblk1_4_cla/i_0_9/A->ZN
                         INV_X8                  rf   2375.1      6.9      6.9      0.0     15.3      0.3      4.2      1    51,   52  /PD_TOP        (1.10)
CLA_dut/genblk1_4_cla/i_0_7/B1->ZN
                         AOI22_X4                fr   2418.5     43.4     43.4      0.0      3.4      0.6      7.9      2    51,   52  /PD_TOP        (1.10)
CLA_dut/genblk1_4_cla/i_0_0/B1->ZN
                         OAI21_X4                rf   2439.4     20.9     20.9      0.0     29.2      0.6      7.8      2    51,   52  /PD_TOP        (1.10)
CLA_dut/genblk1_8_cla/i_0_13/B1->ZN
                         AOI22_X4*               fr   2512.4     73.0     73.0      0.0     10.8      0.6     29.2      2    51,   52  /PD_TOP        (1.10)
CLA_dut/genblk1_8_cla/i_0_12/A->ZN
                         INV_X8                  rf   2519.3      6.9      6.9      0.0     15.3      0.3      4.2      1    51,   52  /PD_TOP        (1.10)
CLA_dut/genblk1_8_cla/i_0_10/B1->ZN
                         AOI22_X4*               fr   2588.9     69.6     69.6      0.0      3.4      0.6     29.2      2    51,   52  /PD_TOP        (1.10)
CLA_dut/genblk1_8_cla/i_0_9/A->ZN
                         INV_X8                  rf   2595.8      6.9      6.9      0.0     15.3      0.3      4.2      1    51,   52  /PD_TOP        (1.10)
CLA_dut/genblk1_8_cla/i_0_7/B1->ZN
                         AOI22_X4                fr   2639.2     43.4     43.4      0.0      3.4      0.6      7.9      2    51,   52  /PD_TOP        (1.10)
CLA_dut/genblk1_8_cla/i_0_0/B1->ZN
                         OAI21_X4                rf   2660.1     20.9     20.9      0.0     29.2      0.6      7.8      2    51,   52  /PD_TOP        (1.10)
CLA_dut/genblk1_12_cla/i_0_13/B1->ZN
                         AOI22_X4*               fr   2733.1     73.0     73.0      0.0     10.8      0.6     29.2      2    51,   52  /PD_TOP        (1.10)
CLA_dut/genblk1_12_cla/i_0_12/A->ZN
                         INV_X8                  rf   2740.0      6.9      6.9      0.0     15.3      0.3      4.2      1    51,   52  /PD_TOP        (1.10)
CLA_dut/genblk1_12_cla/i_0_10/B1->ZN
                         AOI22_X4*               fr   2809.6     69.6     69.6      0.0      3.4      0.6     29.2      2    51,   52  /PD_TOP        (1.10)
CLA_dut/genblk1_12_cla/i_0_9/A->ZN
                         INV_X8                  rf   2816.5      6.9      6.9      0.0     15.3      0.3      4.2      1    51,   52  /PD_TOP        (1.10)
CLA_dut/genblk1_12_cla/i_0_7/B1->ZN
                         AOI22_X4                fr   2859.9     43.4     43.4      0.0      3.4      0.6      7.9      2    51,   52  /PD_TOP        (1.10)
CLA_dut/genblk1_12_cla/i_0_0/B1->ZN
                         OAI21_X4                rf   2880.8     20.9     20.9      0.0     29.2      0.6      7.8      2    51,   52  /PD_TOP        (1.10)
CLA_dut/genblk1_16_cla/i_0_13/B1->ZN
                         AOI22_X4*               fr   2953.8     73.0     73.0      0.0     10.8      0.6     29.2      2    51,   52  /PD_TOP        (1.10)
CLA_dut/genblk1_16_cla/i_0_12/A->ZN
                         INV_X8                  rf   2960.7      6.9      6.9      0.0     15.3      0.3      4.2      1    51,   52  /PD_TOP        (1.10)
CLA_dut/genblk1_16_cla/i_0_10/B1->ZN
                         AOI22_X4*               fr   3030.3     69.6     69.6      0.0      3.4      0.6     29.2      2    51,   52  /PD_TOP        (1.10)
CLA_dut/genblk1_16_cla/i_0_9/A->ZN
                         INV_X8                  rf   3037.2      6.9      6.9      0.0     15.3      0.3      4.2      1    51,   52  /PD_TOP        (1.10)
CLA_dut/genblk1_16_cla/i_0_7/B1->ZN
                         AOI22_X4                fr   3080.6     43.4     43.4      0.0      3.4      0.6      7.9      2    51,   52  /PD_TOP        (1.10)
CLA_dut/genblk1_16_cla/i_0_0/B1->ZN
                         OAI21_X4                rf   3101.5     20.9     20.9      0.0     29.2      0.6      7.8      2    51,   52  /PD_TOP        (1.10)
CLA_dut/genblk1_20_cla/i_0_13/B1->ZN
                         AOI22_X4*               fr   3174.5     73.0     73.0      0.0     10.8      0.6     29.2      2    51,   52  /PD_TOP        (1.10)
CLA_dut/genblk1_20_cla/i_0_12/A->ZN
                         INV_X8                  rf   3181.4      6.9      6.9      0.0     15.3      0.3      4.2      1    51,   52  /PD_TOP        (1.10)
CLA_dut/genblk1_20_cla/i_0_10/B1->ZN
                         AOI22_X4*               fr   3251.0     69.6     69.6      0.0      3.4      0.6     29.2      2    51,   52  /PD_TOP        (1.10)
CLA_dut/genblk1_20_cla/i_0_3/A->ZN
                         XNOR2_X2                rf   3290.7     39.7     39.7      0.0     15.3      2.1     24.7      6    51,   52  /PD_TOP        (1.10)
count_leading_zeros_instance/i_0_0/A->ZN
                         AOI21_X4*               fr   3371.7     81.0     80.9      0.1     29.4      0.9     33.7      3    51,   52  /PD_TOP        (1.10)
i_0_18/i_1/B->CO         HA_X1                   rr   3410.3     38.6     38.6      0.0     15.3      0.3      3.8      1    51,   52  /PD_TOP        (1.10)
i_0_18/i_2/B->S          HA_X1*                  rr   3602.1    191.8    191.8      0.0     12.7      4.1     72.0     12    51,   52  /PD_TOP        (1.10)
i_0_0_655/A->ZN          INV_X32                 rf   3612.7     10.6     10.5      0.1     15.3      4.1     48.3     12    51,   52  /PD_TOP        (1.10)
i_0_0_276/B1->ZN         AOI22_X4*               fr   3683.3     70.6     70.5      0.1      5.0      0.6     29.3      2    51,   52  /PD_TOP        (1.10)
i_0_0_275/A->ZN          INV_X8                  rf   3690.2      6.9      6.9      0.0     15.3      0.3      4.4      1    51,   52  /PD_TOP        (1.10)
i_0_0_270/B1->ZN         OAI22_X4                fr   3732.0     41.8     41.8      0.0      3.5      0.7      8.5      2    51,   52  /PD_TOP        (1.10)
i_0_0_269/B2->ZN         AOI22_X4                rf   3761.5     29.5     29.5      0.0     35.4      0.7      8.2      2    51,   52  /PD_TOP        (1.10)
i_0_0_268/B2->ZN         AOI22_X4                fr   3815.7     54.2     54.2      0.0     14.0      0.6      8.6      2    51,   52  /PD_TOP        (1.10)
i_0_0_267/A2->ZN         NAND2_X4                rf   3839.1     23.4     23.4      0.0     30.0      0.9     13.0      3    51,   52  /PD_TOP        (1.10)
i_0_0_266/A2->ZN         NOR2_X4*                fr   3898.6     59.5     59.5      0.0     10.4      0.5     29.7      2    51,   52  /PD_TOP        (1.10)
i_0_0_226/A1->ZN         NAND2_X4                rf   3915.6     17.0     17.0      0.0     15.3      0.7      8.7      2    51,   52  /PD_TOP        (1.10)
i_0_0_222/A1->ZN         AOI22_X4                fr   3958.3     42.7     42.7      0.0      8.7      3.2     13.2      1    51,   52  /PD_TOP        (1.10)
Sum[30]                                           r   3958.7      0.4               0.4     35.4                             56,  103                       
------------------------------------------------------------------------------------------------------------------------------------------------------------
Report for group R2O
