Report for group default
Report for group I2R
Report for group I2O
------------------------------------------------------------------------------------------------------------------------------------------------------------
Startpoint: B[24]
    (Clocked by vsysclk R)
Endpoint: Sum[29]
    (Clocked by vsysclk R)
Path Group: I2O
Data required time: 19500.0
    (Clock shift: 20000.0, minus Uncertainty: 0.0, plus Latency 0.0, minus Out delay: 500.0)
Data arrival time: 3721.4
Slack: 15778.6
Logic depth: 60
------------------------------------------------------------------------------------------------------------------------------------------------------------
                                                     Arrival               Arc      Net               Net    Total   fan-                                   
Path                     Module/Cell           Edge     Time    Delay    Delay    Delay     Slew     Load     Load    out     Location Power Domain      (V)
                                                        (ps)     (ps)     (ps)     (ps)     (ps)     (ff)     (ff)    (#)      (um,um)                      
------------------------------------------------------------------------------------------------------------------------------------------------------------
B[24]                    {set_input_delay}        r   1000.0   1000.0   1000.0                        2.9     28.3      1   100,   50                       
i_0_0_567/A->ZN          INV_X8                  rf   1006.3      6.3      6.0      0.3      0.0      1.1     16.3      4    50,   49  /PD_TOP        (1.10)
i_0_0_544/A1->ZN         NOR2_X4                 fr   1033.2     26.9     26.9      0.0      4.8      0.6      8.6      2    50,   49  /PD_TOP        (1.10)
i_0_0_542/B1->ZN         OAI21_X4                rf   1052.5     19.3     19.3      0.0     20.4      0.6      7.9      2    50,   49  /PD_TOP        (1.10)
i_0_0_540/B1->ZN         OAI21_X4                fr   1084.5     32.0     32.0      0.0     10.9      0.6      7.9      2    50,   49  /PD_TOP        (1.10)
i_0_0_536/B2->ZN         AOI21_X4                rf   1104.5     20.0     20.0      0.0     22.6      0.6      7.8      2    50,   49  /PD_TOP        (1.10)
i_0_0_171/A->ZN          XNOR2_X2*               fr   1204.0     99.5     99.5      0.0      9.1      1.7     45.3      6    50,   49  /PD_TOP        (1.10)
i_0_0_73/A1->ZN          NOR2_X4                 rf   1215.8     11.8     11.8      0.0     15.3      1.1      8.5      3    50,   49  /PD_TOP        (1.10)
i_0_0_57/C2->ZN          AOI222_X2               fr   1333.9    118.1    118.1      0.0      6.6      0.7      8.9      2    50,   49  /PD_TOP        (1.10)
i_0_0_56/A2->ZN          NOR2_X4                 rf   1346.9     13.0     13.0      0.0     71.8      0.3      2.9      1    50,   49  /PD_TOP        (1.10)
i_0_0_55/A->ZN           AOI221_X2               fr   1441.2     94.3     94.3      0.0      5.3      0.7      8.6      2    50,   49  /PD_TOP        (1.10)
i_0_0_40/B1->ZN          AOI21_X4                rf   1481.8     40.6     40.6      0.0     63.8      0.3     25.7      1    50,   49  /PD_TOP        (1.10)
i_0_0_39/A->ZN           INV_X8                  fr   1495.4     13.6     13.6      0.0     16.6      0.7      5.6      2    50,   49  /PD_TOP        (1.10)
i_0_0_32/C1->ZN          OAI221_X2               rf   1531.4     36.0     36.0      0.0      5.6      1.3     12.1      4    50,   49  /PD_TOP        (1.10)
i_0_20/i_45/A2->ZN       OR3_X4                  ff   1610.1     78.7     78.7      0.0     29.3      0.8      8.5      3    50,   49  /PD_TOP        (1.10)
i_0_20/i_44/A1->ZN       OR2_X4                  ff   1653.5     43.4     43.4      0.0     13.1      0.5      6.1      2    50,   49  /PD_TOP        (1.10)
i_0_20/i_4/B->Z          XOR2_X1                 ff   1708.1     54.6     54.6      0.0      8.8      0.3      1.6      1    50,   49  /PD_TOP        (1.10)
i_0_0_6/A->Z             MUX2_X2                 ff   1770.6     62.5     62.5      0.0     11.1      0.6      8.3      2    50,   49  /PD_TOP        (1.10)
CLA_dut/genblk1_4_cla/i_0_14/B->Z
                         XOR2_X2                 ff   1834.0     63.4     63.4      0.0     13.3      0.6      8.2      2    50,   49  /PD_TOP        (1.10)
CLA_dut/genblk1_4_cla/i_0_13/B2->ZN
                         AOI22_X4*               fr   1913.8     79.8     79.8      0.0     14.7      0.6     29.2      2    50,   49  /PD_TOP        (1.10)
CLA_dut/genblk1_4_cla/i_0_12/A->ZN
                         INV_X8                  rf   1920.7      6.9      6.9      0.0     15.3      0.3      4.2      1    50,   49  /PD_TOP        (1.10)
CLA_dut/genblk1_4_cla/i_0_10/B1->ZN
                         AOI22_X4*               fr   1990.3     69.6     69.6      0.0      3.4      0.6     29.2      2    50,   49  /PD_TOP        (1.10)
CLA_dut/genblk1_4_cla/i_0_9/A->ZN
                         INV_X8                  rf   1997.2      6.9      6.9      0.0     15.3      0.3      4.2      1    50,   49  /PD_TOP        (1.10)
CLA_dut/genblk1_4_cla/i_0_7/B1->ZN
                         AOI22_X4                fr   2040.6     43.4     43.4      0.0      3.4      0.6      7.9      2    50,   49  /PD_TOP        (1.10)
CLA_dut/genblk1_4_cla/i_0_0/B1->ZN
                         OAI21_X4                rf   2061.5     20.9     20.9      0.0     29.2      0.6      7.8      2    50,   49  /PD_TOP        (1.10)
CLA_dut/genblk1_8_cla/i_0_13/B1->ZN
                         AOI22_X4*               fr   2134.5     73.0     73.0      0.0     10.8      0.6     29.2      2    50,   49  /PD_TOP        (1.10)
CLA_dut/genblk1_8_cla/i_0_12/A->ZN
                         INV_X8                  rf   2141.4      6.9      6.9      0.0     15.3      0.3      4.2      1    50,   49  /PD_TOP        (1.10)
CLA_dut/genblk1_8_cla/i_0_10/B1->ZN
                         AOI22_X4*               fr   2211.0     69.6     69.6      0.0      3.4      0.6     29.2      2    50,   49  /PD_TOP        (1.10)
CLA_dut/genblk1_8_cla/i_0_9/A->ZN
                         INV_X8                  rf   2217.9      6.9      6.9      0.0     15.3      0.3      4.2      1    50,   49  /PD_TOP        (1.10)
CLA_dut/genblk1_8_cla/i_0_7/B1->ZN
                         AOI22_X4                fr   2261.3     43.4     43.4      0.0      3.4      0.6      7.9      2    50,   49  /PD_TOP        (1.10)
CLA_dut/genblk1_8_cla/i_0_0/B1->ZN
                         OAI21_X4                rf   2282.2     20.9     20.9      0.0     29.2      0.6      7.8      2    50,   49  /PD_TOP        (1.10)
CLA_dut/genblk1_12_cla/i_0_13/B1->ZN
                         AOI22_X4*               fr   2355.2     73.0     73.0      0.0     10.8      0.6     29.2      2    50,   49  /PD_TOP        (1.10)
CLA_dut/genblk1_12_cla/i_0_12/A->ZN
                         INV_X8                  rf   2362.1      6.9      6.9      0.0     15.3      0.3      4.2      1    50,   49  /PD_TOP        (1.10)
CLA_dut/genblk1_12_cla/i_0_10/B1->ZN
                         AOI22_X4*               fr   2431.7     69.6     69.6      0.0      3.4      0.6     29.2      2    50,   49  /PD_TOP        (1.10)
CLA_dut/genblk1_12_cla/i_0_9/A->ZN
                         INV_X8                  rf   2438.6      6.9      6.9      0.0     15.3      0.3      4.2      1    50,   49  /PD_TOP        (1.10)
CLA_dut/genblk1_12_cla/i_0_7/B1->ZN
                         AOI22_X4                fr   2482.0     43.4     43.4      0.0      3.4      0.6      7.9      2    50,   49  /PD_TOP        (1.10)
CLA_dut/genblk1_12_cla/i_0_0/B1->ZN
                         OAI21_X4                rf   2502.9     20.9     20.9      0.0     29.2      0.6      7.8      2    50,   49  /PD_TOP        (1.10)
CLA_dut/genblk1_16_cla/i_0_13/B1->ZN
                         AOI22_X4*               fr   2575.9     73.0     73.0      0.0     10.8      0.6     29.2      2    50,   49  /PD_TOP        (1.10)
CLA_dut/genblk1_16_cla/i_0_12/A->ZN
                         INV_X8                  rf   2582.8      6.9      6.9      0.0     15.3      0.3      4.2      1    50,   49  /PD_TOP        (1.10)
CLA_dut/genblk1_16_cla/i_0_10/B1->ZN
                         AOI22_X4*               fr   2652.4     69.6     69.6      0.0      3.4      0.6     29.2      2    50,   49  /PD_TOP        (1.10)
CLA_dut/genblk1_16_cla/i_0_9/A->ZN
                         INV_X8                  rf   2659.3      6.9      6.9      0.0     15.3      0.3      4.2      1    50,   49  /PD_TOP        (1.10)
CLA_dut/genblk1_16_cla/i_0_7/B1->ZN
                         AOI22_X4                fr   2702.7     43.4     43.4      0.0      3.4      0.6      7.9      2    50,   49  /PD_TOP        (1.10)
CLA_dut/genblk1_16_cla/i_0_0/B1->ZN
                         OAI21_X4                rf   2727.2     24.5     24.5      0.0     29.2      0.9     12.8      3    50,   49  /PD_TOP        (1.10)
CLA_dut/genblk1_20_cla/i_0_16/B2->ZN
                         AOI21_X4                fr   2787.4     60.2     60.2      0.0     13.0      0.3     25.7      1    50,   49  /PD_TOP        (1.10)
CLA_dut/genblk1_20_cla/i_0_15/A->ZN
                         INV_X8                  rf   2793.8      6.4      6.4      0.0     46.8      0.3      4.2      1    50,   49  /PD_TOP        (1.10)
CLA_dut/genblk1_20_cla/i_0_14/A->ZN
                         OAI21_X4                fr   2813.1     19.3     19.3      0.0      3.4      0.6      7.6      2    50,   49  /PD_TOP        (1.10)
CLA_dut/genblk1_20_cla/i_0_13/A2->ZN
                         NAND2_X4                rf   2829.4     16.3     16.3      0.0     22.2      0.3      4.2      1    50,   49  /PD_TOP        (1.10)
CLA_dut/genblk1_20_cla/i_0_12/A->ZN
                         OAI21_X4                fr   2850.5     21.1     21.1      0.0      6.9      0.6      7.7      2    50,   49  /PD_TOP        (1.10)
CLA_dut/genblk1_20_cla/i_0_4/A->ZN
                         XNOR2_X2                rf   2895.0     44.5     44.5      0.0     22.4      2.0     26.5      6    50,   49  /PD_TOP        (1.10)
count_leading_zeros_instance/i_0_34/A1->ZN
                         NOR4_X4                 fr   2963.0     68.0     68.0      0.0     31.0      0.9      9.2      3    50,   49  /PD_TOP        (1.10)
count_leading_zeros_instance/i_0_25/A3->ZN
                         AND3_X4                 rr   3013.2     50.2     50.2      0.0     54.7      0.6      7.7      2    50,   49  /PD_TOP        (1.10)
i_0_0_517/A2->ZN         NAND2_X4*               rf   3044.6     31.4     31.4      0.0     11.3      0.8     34.5      3    50,   49  /PD_TOP        (1.10)
i_0_0_515/A2->ZN         NAND2_X4*               fr   3089.4     44.8     44.8      0.0     15.3      1.6     47.3      6    50,   49  /PD_TOP        (1.10)
i_0_0_512/A1->ZN         NAND2_X4*               rf   3141.3     51.9     51.9      0.0     15.3      8.1     97.1     22    50,   49  /PD_TOP        (1.10)
i_0_13/i_0/A->CO         FA_X1                   ff   3220.2     78.9     78.6      0.3     15.3      0.4      3.1      1    50,   49  /PD_TOP        (1.10)
i_0_13/i_1/CI->CO        FA_X1                   ff   3292.7     72.5     72.5      0.0     15.1      0.4      3.1      1    50,   49  /PD_TOP        (1.10)
i_0_13/i_2/CI->CO        FA_X1                   ff   3365.2     72.5     72.5      0.0     15.1      0.4      3.1      1    50,   49  /PD_TOP        (1.10)
i_0_13/i_3/CI->CO        FA_X1                   ff   3437.7     72.5     72.5      0.0     15.1      0.4      3.1      1    50,   49  /PD_TOP        (1.10)
i_0_13/i_4/CI->CO        FA_X1                   ff   3510.2     72.5     72.5      0.0     15.1      0.4      3.1      1    50,   49  /PD_TOP        (1.10)
i_0_13/i_5/CI->CO        FA_X1                   ff   3582.7     72.5     72.5      0.0     15.1      0.4      3.1      1    50,   49  /PD_TOP        (1.10)
i_0_13/i_6/CI->S         FA_X1                   fr   3721.0    138.3    138.3      0.0     15.1      3.0     13.0      1    50,   49  /PD_TOP        (1.10)
Sum[29]                                           r   3721.4      0.4               0.4     35.0                             52,  100                       
------------------------------------------------------------------------------------------------------------------------------------------------------------
Report for group R2O
