Report End Points: 
-----+-------+------+-------+-----+-----+-----+-----+-----------+---------
     |Group  |Launch|Capture|Shift|Delay|Depth|Slack|Begin Point|End Point
-----+-------+------+-------+-----+-----+-----+-----+-----------+---------
1    |default|      |       |     |     |     |     |           |         
-----+-------+------+-------+-----+-----+-----+-----+-----------+---------
Report End Points: 
-----+-----+------+-------+-----+-----+-----+-----+-----------+---------
     |Group|Launch|Capture|Shift|Delay|Depth|Slack|Begin Point|End Point
-----+-----+------+-------+-----+-----+-----+-----+-----------+---------
1    |I2R  |      |       |     |     |     |     |           |         
-----+-----+------+-------+-----+-----+-----+-----+-----------+---------
Report End Points: 
-----+-----+-------+-------+-------+------+-----+-------+-----------+---------
     |Group|Launch |Capture|Shift  |Delay |Depth|Slack  |Begin Point|End Point
-----+-----+-------+-------+-------+------+-----+-------+-----------+---------
1    |I2O  |vsysclk|vsysclk|20000.0|1705.4|   68|16794.6|a[0]       |cout     
2    |I2O  |vsysclk|vsysclk|20000.0|1705.0|   68|16795.0|a[0]       |overflow 
3    |I2O  |vsysclk|vsysclk|20000.0|1694.3|   67|16805.7|a[0]       |sum[31]  
4    |I2O  |vsysclk|vsysclk|20000.0|1644.4|   65|16855.6|a[0]       |sum[30]  
5    |I2O  |vsysclk|vsysclk|20000.0|1597.2|   63|16902.8|a[0]       |sum[29]  
6    |I2O  |vsysclk|vsysclk|20000.0|1550.0|   61|16950.0|a[0]       |sum[28]  
7    |I2O  |vsysclk|vsysclk|20000.0|1502.8|   59|16997.2|a[0]       |sum[27]  
8    |I2O  |vsysclk|vsysclk|20000.0|1455.6|   57|17044.4|a[0]       |sum[26]  
9    |I2O  |vsysclk|vsysclk|20000.0|1408.4|   55|17091.6|a[0]       |sum[25]  
10   |I2O  |vsysclk|vsysclk|20000.0|1361.8|   53|17138.2|a[0]       |sum[24]  
11   |I2O  |vsysclk|vsysclk|20000.0|1253.2|   50|17246.8|a[0]       |sum[23]  
12   |I2O  |vsysclk|vsysclk|20000.0|1205.9|   48|17294.1|a[0]       |sum[22]  
13   |I2O  |vsysclk|vsysclk|20000.0|1158.7|   46|17341.3|a[0]       |sum[21]  
14   |I2O  |vsysclk|vsysclk|20000.0|1111.6|   44|17388.4|a[0]       |sum[20]  
15   |I2O  |vsysclk|vsysclk|20000.0|1064.4|   42|17435.6|a[0]       |sum[19]  
16   |I2O  |vsysclk|vsysclk|20000.0|1017.1|   40|17482.9|a[0]       |sum[18]  
17   |I2O  |vsysclk|vsysclk|20000.0| 969.9|   38|17530.1|a[0]       |sum[17]  
18   |I2O  |vsysclk|vsysclk|20000.0| 923.3|   36|17576.7|a[0]       |sum[16]  
19   |I2O  |vsysclk|vsysclk|20000.0| 814.7|   33|17685.3|a[0]       |sum[15]  
20   |I2O  |vsysclk|vsysclk|20000.0| 767.5|   31|17732.5|a[0]       |sum[14]  
21   |I2O  |vsysclk|vsysclk|20000.0| 720.3|   29|17779.7|a[0]       |sum[13]  
22   |I2O  |vsysclk|vsysclk|20000.0| 673.1|   27|17826.9|a[0]       |sum[12]  
23   |I2O  |vsysclk|vsysclk|20000.0| 625.9|   25|17874.1|a[0]       |sum[11]  
24   |I2O  |vsysclk|vsysclk|20000.0| 578.7|   23|17921.3|a[0]       |sum[10]  
25   |I2O  |vsysclk|vsysclk|20000.0| 531.5|   21|17968.5|a[0]       |sum[9]   
26   |I2O  |vsysclk|vsysclk|20000.0| 484.1|   19|18015.9|a[0]       |sum[8]   
27   |I2O  |vsysclk|vsysclk|20000.0| 407.4|   15|18092.6|a[0]       |sum[7]   
28   |I2O  |vsysclk|vsysclk|20000.0| 360.2|   13|18139.8|a[0]       |sum[6]   
29   |I2O  |vsysclk|vsysclk|20000.0| 313.0|   11|18187.0|a[0]       |sum[5]   
30   |I2O  |vsysclk|vsysclk|20000.0| 265.8|    9|18234.2|a[0]       |sum[4]   
31   |I2O  |vsysclk|vsysclk|20000.0| 218.6|    7|18281.4|a[0]       |sum[3]   
32   |I2O  |vsysclk|vsysclk|20000.0| 171.4|    5|18328.6|a[0]       |sum[2]   
33   |I2O  |vsysclk|vsysclk|20000.0| 123.8|    3|18376.2|a[0]       |sum[1]   
34   |I2O  |vsysclk|vsysclk|20000.0|  69.0|    1|18431.0|a[0]       |sum[0]   
-----+-----+-------+-------+-------+------+-----+-------+-----------+---------
Report End Points: 
-----+-----+------+-------+-----+-----+-----+-----+-----------+---------
     |Group|Launch|Capture|Shift|Delay|Depth|Slack|Begin Point|End Point
-----+-----+------+-------+-----+-----+-----+-----+-----------+---------
1    |R2O  |      |       |     |     |     |     |           |         
-----+-----+------+-------+-----+-----+-----+-----+-----------+---------
