warning: No library characterized for (process = 1.00 voltage = 0.85 temperature = 25.00) can be found in the database for power domain '/PD_TOP'  [NL-174]
Report Power (instances with prefix '*' are included in total) : 
-----+----------+--------------------+---------------------+-------------------+-----------------
     | Instance | Internal Power(uw) | Switching Power(uw) | Leakage Power(uw) | Total Power(uw) 
-----+----------+--------------------+---------------------+-------------------+-----------------
1    |*rc0      |            0.861228|             2.083278|           0.452094|         3.396600
2    |*skip0    |            0.371456|             0.544180|           0.213918|         1.129554
3    |*skipFinal|            0.397059|             0.452263|           0.214294|         1.063616
4    |*skip6    |            0.397488|             0.467316|           0.214294|         1.079097
5    |*skip5    |            0.397488|             0.467316|           0.214294|         1.079097
6    |*skip4    |            0.397488|             0.467317|           0.214294|         1.079099
7    |*skip3    |            0.397494|             0.467327|           0.214294|         1.079114
8    |*skip2    |            0.397541|             0.467412|           0.214294|         1.079247
9    |*skip1    |            0.397930|             0.468108|           0.214294|         1.080331
10   |*rc7      |            1.101988|             2.280044|           0.557316|         3.939348
11   |*rc6      |            1.030042|             1.983292|           0.521153|         3.534487
12   |*rc5      |            1.030040|             1.982931|           0.521153|         3.534124
13   |*rc4      |            1.030028|             1.982327|           0.521153|         3.533506
14   |*rc3      |            1.029932|             1.981923|           0.521153|         3.533008
15   |*rc2      |            1.029103|             1.980921|           0.521153|         3.531176
16   |*rc1      |            1.022732|             1.975592|           0.521153|         3.519478
17   |          |                    |                     |                   |                 
18   |*TOTAL    |           11.289036|            20.051544|           5.850301|        37.190880
-----+----------+--------------------+---------------------+-------------------+-----------------
