Report Instance Areas: 
-----+------------------------------+-----------------+-----+---------
     |Instance                      |Module           |Cells|Cell Area
-----+------------------------------+-----------------+-----+---------
1    |top                           |                 |  321|      671
2    |  adder                       |ripple_adder     |  254|      321
3    |    genblk1_0_full_adder_inst |full_adder__0_69 |    2|        3
4    |    genblk1_1_full_adder_inst |full_adder__0_73 |    4|        5
5    |    genblk1_2_full_adder_inst |full_adder__0_77 |    4|        5
6    |    genblk1_3_full_adder_inst |full_adder__0_81 |    4|        5
7    |    genblk1_4_full_adder_inst |full_adder__0_85 |    4|        5
8    |    genblk1_5_full_adder_inst |full_adder__0_89 |    4|        5
9    |    genblk1_6_full_adder_inst |full_adder__0_93 |    4|        5
10   |    genblk1_7_full_adder_inst |full_adder__0_97 |    4|        5
11   |    genblk1_8_full_adder_inst |full_adder__0_101|    4|        5
12   |    genblk1_9_full_adder_inst |full_adder__0_105|    4|        5
13   |    genblk1_10_full_adder_inst|full_adder__0_109|    4|        5
14   |    genblk1_11_full_adder_inst|full_adder__0_113|    4|        5
15   |    genblk1_12_full_adder_inst|full_adder__0_117|    4|        5
16   |    genblk1_13_full_adder_inst|full_adder__0_121|    4|        5
17   |    genblk1_14_full_adder_inst|full_adder__0_125|    4|        5
18   |    genblk1_15_full_adder_inst|full_adder__0_129|    4|        5
19   |    genblk1_16_full_adder_inst|full_adder__0_133|    4|        5
20   |    genblk1_17_full_adder_inst|full_adder__0_137|    4|        5
21   |    genblk1_18_full_adder_inst|full_adder__0_141|    4|        5
22   |    genblk1_19_full_adder_inst|full_adder__0_145|    4|        5
23   |    genblk1_20_full_adder_inst|full_adder__0_149|    4|        5
24   |    genblk1_21_full_adder_inst|full_adder__0_153|    4|        5
25   |    genblk1_22_full_adder_inst|full_adder__0_157|    4|        5
26   |    genblk1_23_full_adder_inst|full_adder__0_161|    4|        5
27   |    genblk1_24_full_adder_inst|full_adder__0_165|    4|        5
28   |    genblk1_25_full_adder_inst|full_adder__0_169|    4|        5
29   |    genblk1_26_full_adder_inst|full_adder__0_173|    4|        5
30   |    genblk1_27_full_adder_inst|full_adder__0_177|    4|        5
31   |    genblk1_28_full_adder_inst|full_adder__0_181|    4|        5
32   |    genblk1_29_full_adder_inst|full_adder__0_185|    4|        5
33   |    genblk1_30_full_adder_inst|full_adder__0_189|    4|        5
34   |    genblk1_31_full_adder_inst|full_adder__0_193|    4|        5
35   |    genblk1_32_full_adder_inst|full_adder__0_197|    4|        5
36   |    genblk1_33_full_adder_inst|full_adder__0_201|    4|        5
37   |    genblk1_34_full_adder_inst|full_adder__0_205|    4|        5
38   |    genblk1_35_full_adder_inst|full_adder__0_209|    4|        5
39   |    genblk1_36_full_adder_inst|full_adder__0_213|    4|        5
40   |    genblk1_37_full_adder_inst|full_adder__0_217|    4|        5
41   |    genblk1_38_full_adder_inst|full_adder__0_221|    4|        5
42   |    genblk1_39_full_adder_inst|full_adder__0_225|    4|        5
43   |    genblk1_40_full_adder_inst|full_adder__0_229|    4|        5
44   |    genblk1_41_full_adder_inst|full_adder__0_233|    4|        5
45   |    genblk1_42_full_adder_inst|full_adder__0_237|    4|        5
46   |    genblk1_43_full_adder_inst|full_adder__0_241|    4|        5
47   |    genblk1_44_full_adder_inst|full_adder__0_245|    4|        5
48   |    genblk1_45_full_adder_inst|full_adder__0_249|    4|        5
49   |    genblk1_46_full_adder_inst|full_adder__0_253|    4|        5
50   |    genblk1_47_full_adder_inst|full_adder__0_257|    4|        5
51   |    genblk1_48_full_adder_inst|full_adder__0_261|    4|        5
52   |    genblk1_49_full_adder_inst|full_adder__0_265|    4|        5
53   |    genblk1_50_full_adder_inst|full_adder__0_269|    4|        5
54   |    genblk1_51_full_adder_inst|full_adder__0_273|    4|        5
55   |    genblk1_52_full_adder_inst|full_adder__0_277|    4|        5
56   |    genblk1_53_full_adder_inst|full_adder__0_281|    4|        5
57   |    genblk1_54_full_adder_inst|full_adder__0_285|    4|        5
58   |    genblk1_55_full_adder_inst|full_adder__0_289|    4|        5
59   |    genblk1_56_full_adder_inst|full_adder__0_293|    4|        5
60   |    genblk1_57_full_adder_inst|full_adder__0_297|    4|        5
61   |    genblk1_58_full_adder_inst|full_adder__0_301|    4|        5
62   |    genblk1_59_full_adder_inst|full_adder__0_305|    4|        5
63   |    genblk1_60_full_adder_inst|full_adder__0_309|    4|        5
64   |    genblk1_61_full_adder_inst|full_adder__0_313|    4|        5
65   |    genblk1_62_full_adder_inst|full_adder__0_317|    4|        5
66   |    genblk1_63_full_adder_inst|full_adder       |    4|        5
67   |  RReg                        |Register         |   67|      350
-----+------------------------------+-----------------+-----+---------
