Report for group default
Report for group I2R
------------------------------------------------------------------------------------------------------------------------------------------------------------
Startpoint: i_Add2[1]
    (Clocked by vsysclk R)
Endpoint: RReg/MyData_reg[64]/D
    (Clocked by vsysclk R)
Path Group: I2R
Data required time: 4961.6
    (Clock shift: 5000.0, minus Uncertainty: 0.0, plus Latency 0.0, minus Setup time: 38.4)
Data arrival time: 4457.3
Slack: 504.3
Logic depth: 127
------------------------------------------------------------------------------------------------------------------------------------------------------------
                                                     Arrival               Arc      Net               Net    Total   fan-                                   
Path                     Module/Cell           Edge     Time    Delay    Delay    Delay     Slew     Load     Load    out     Location Power Domain      (V)
                                                        (ps)     (ps)     (ps)     (ps)     (ps)     (ff)     (ff)    (#)      (um,um)                      
------------------------------------------------------------------------------------------------------------------------------------------------------------
i_Add2[1]                {set_input_delay}        r      1.0      1.0      1.0                        3.0     10.5      2    93,   46                       
adder/genblk1_1_full_adder_inst/i_0_0/B->Z
                         XOR2_X2                 rf     33.0     31.7     31.7      0.0    707.3      0.6      7.9      2    47,   46  /PD_TOP        (1.10)
adder/genblk1_1_full_adder_inst/i_0_2/A1->ZN
                         AOI22_X4                fr     94.1     61.1     61.1      0.0     14.5      0.3     25.8      1    47,   46  /PD_TOP        (1.10)
adder/genblk1_1_full_adder_inst/i_0_3/A->ZN
                         INV_X8                  rf    102.4      8.3      8.3      0.0     50.3      0.6      8.3      2    47,   46  /PD_TOP        (1.10)
adder/genblk1_2_full_adder_inst/i_0_2/A2->ZN
                         AOI22_X4                fr    164.4     62.3     62.0      0.3      3.9      0.3     25.8      1    47,   46  /PD_TOP        (1.10)
adder/genblk1_2_full_adder_inst/i_0_3/A->ZN
                         INV_X8                  rf    172.7      8.6      8.3      0.3     50.3      0.6      8.3      2    47,   46  /PD_TOP        (1.10)
adder/genblk1_3_full_adder_inst/i_0_2/A2->ZN
                         AOI22_X4                fr    234.7     62.0     62.0      0.0      3.9      0.3     25.8      1    47,   46  /PD_TOP        (1.10)
adder/genblk1_3_full_adder_inst/i_0_3/A->ZN
                         INV_X8                  rf    243.0      8.3      8.3      0.0     50.3      0.6      8.3      2    47,   46  /PD_TOP        (1.10)
adder/genblk1_4_full_adder_inst/i_0_2/A2->ZN
                         AOI22_X4                fr    305.0     62.0     62.0      0.0      3.9      0.3     25.8      1    47,   46  /PD_TOP        (1.10)
adder/genblk1_4_full_adder_inst/i_0_3/A->ZN
                         INV_X8                  rf    313.3      8.3      8.3      0.0     50.3      0.6      8.3      2    47,   46  /PD_TOP        (1.10)
adder/genblk1_5_full_adder_inst/i_0_2/A2->ZN
                         AOI22_X4                fr    375.3     62.0     62.0      0.0      3.9      0.3     25.8      1    47,   46  /PD_TOP        (1.10)
adder/genblk1_5_full_adder_inst/i_0_3/A->ZN
                         INV_X8                  rf    383.6      8.3      8.3      0.0     50.3      0.6      8.3      2    47,   46  /PD_TOP        (1.10)
adder/genblk1_6_full_adder_inst/i_0_2/A2->ZN
                         AOI22_X4                fr    445.6     62.0     62.0      0.0      3.9      0.3     25.8      1    47,   46  /PD_TOP        (1.10)
adder/genblk1_6_full_adder_inst/i_0_3/A->ZN
                         INV_X8                  rf    453.9      8.3      8.3      0.0     50.3      0.6      8.3      2    47,   46  /PD_TOP        (1.10)
adder/genblk1_7_full_adder_inst/i_0_2/A2->ZN
                         AOI22_X4                fr    515.9     62.0     62.0      0.0      3.9      0.3     25.8      1    47,   46  /PD_TOP        (1.10)
adder/genblk1_7_full_adder_inst/i_0_3/A->ZN
                         INV_X8                  rf    524.2      8.3      8.3      0.0     50.3      0.6      8.3      2    47,   46  /PD_TOP        (1.10)
adder/genblk1_8_full_adder_inst/i_0_2/A2->ZN
                         AOI22_X4                fr    586.2     62.0     62.0      0.0      3.9      0.3     25.8      1    47,   46  /PD_TOP        (1.10)
adder/genblk1_8_full_adder_inst/i_0_3/A->ZN
                         INV_X8                  rf    594.5      8.3      8.3      0.0     50.3      0.6      8.3      2    47,   46  /PD_TOP        (1.10)
adder/genblk1_9_full_adder_inst/i_0_2/A2->ZN
                         AOI22_X4                fr    656.5     62.0     62.0      0.0      3.9      0.3     25.8      1    47,   46  /PD_TOP        (1.10)
adder/genblk1_9_full_adder_inst/i_0_3/A->ZN
                         INV_X8                  rf    664.8      8.3      8.3      0.0     50.3      0.6      8.3      2    47,   46  /PD_TOP        (1.10)
adder/genblk1_10_full_adder_inst/i_0_2/A2->ZN
                         AOI22_X4                fr    726.8     62.0     62.0      0.0      3.9      0.3     25.8      1    47,   46  /PD_TOP        (1.10)
adder/genblk1_10_full_adder_inst/i_0_3/A->ZN
                         INV_X8                  rf    735.1      8.3      8.3      0.0     50.3      0.6      8.3      2    47,   46  /PD_TOP        (1.10)
adder/genblk1_11_full_adder_inst/i_0_2/A2->ZN
                         AOI22_X4                fr    797.1     62.0     62.0      0.0      3.9      0.3     25.8      1    47,   46  /PD_TOP        (1.10)
adder/genblk1_11_full_adder_inst/i_0_3/A->ZN
                         INV_X8                  rf    805.4      8.3      8.3      0.0     50.3      0.6      8.3      2    47,   46  /PD_TOP        (1.10)
adder/genblk1_12_full_adder_inst/i_0_2/A2->ZN
                         AOI22_X4                fr    867.4     62.0     62.0      0.0      3.9      0.3     25.8      1    47,   46  /PD_TOP        (1.10)
adder/genblk1_12_full_adder_inst/i_0_3/A->ZN
                         INV_X8                  rf    875.7      8.3      8.3      0.0     50.3      0.6      8.3      2    47,   46  /PD_TOP        (1.10)
adder/genblk1_13_full_adder_inst/i_0_2/A2->ZN
                         AOI22_X4                fr    937.7     62.0     62.0      0.0      3.9      0.3     25.8      1    47,   46  /PD_TOP        (1.10)
adder/genblk1_13_full_adder_inst/i_0_3/A->ZN
                         INV_X8                  rf    946.0      8.3      8.3      0.0     50.3      0.6      8.3      2    47,   46  /PD_TOP        (1.10)
adder/genblk1_14_full_adder_inst/i_0_2/A2->ZN
                         AOI22_X4                fr   1008.0     62.0     62.0      0.0      3.9      0.3     25.8      1    47,   46  /PD_TOP        (1.10)
adder/genblk1_14_full_adder_inst/i_0_3/A->ZN
                         INV_X8                  rf   1016.3      8.3      8.3      0.0     50.3      0.6      8.3      2    47,   46  /PD_TOP        (1.10)
adder/genblk1_15_full_adder_inst/i_0_2/A2->ZN
                         AOI22_X4                fr   1078.3     62.0     62.0      0.0      3.9      0.3     25.8      1    47,   46  /PD_TOP        (1.10)
adder/genblk1_15_full_adder_inst/i_0_3/A->ZN
                         INV_X8                  rf   1086.6      8.3      8.3      0.0     50.3      0.6      8.3      2    47,   46  /PD_TOP        (1.10)
adder/genblk1_16_full_adder_inst/i_0_2/A2->ZN
                         AOI22_X4                fr   1148.6     62.0     62.0      0.0      3.9      0.3     25.8      1    47,   46  /PD_TOP        (1.10)
adder/genblk1_16_full_adder_inst/i_0_3/A->ZN
                         INV_X8                  rf   1156.9      8.3      8.3      0.0     50.3      0.6      8.3      2    47,   46  /PD_TOP        (1.10)
adder/genblk1_17_full_adder_inst/i_0_2/A2->ZN
                         AOI22_X4                fr   1218.9     62.0     62.0      0.0      3.9      0.3     25.8      1    47,   46  /PD_TOP        (1.10)
adder/genblk1_17_full_adder_inst/i_0_3/A->ZN
                         INV_X8                  rf   1227.2      8.3      8.3      0.0     50.3      0.6      8.3      2    47,   46  /PD_TOP        (1.10)
adder/genblk1_18_full_adder_inst/i_0_2/A2->ZN
                         AOI22_X4                fr   1289.2     62.0     62.0      0.0      3.9      0.3     25.8      1    47,   46  /PD_TOP        (1.10)
adder/genblk1_18_full_adder_inst/i_0_3/A->ZN
                         INV_X8                  rf   1297.5      8.3      8.3      0.0     50.3      0.6      8.3      2    47,   46  /PD_TOP        (1.10)
adder/genblk1_19_full_adder_inst/i_0_2/A2->ZN
                         AOI22_X4                fr   1359.5     62.0     62.0      0.0      3.9      0.3     25.8      1    47,   46  /PD_TOP        (1.10)
adder/genblk1_19_full_adder_inst/i_0_3/A->ZN
                         INV_X8                  rf   1367.8      8.3      8.3      0.0     50.3      0.6      8.3      2    47,   46  /PD_TOP        (1.10)
adder/genblk1_20_full_adder_inst/i_0_2/A2->ZN
                         AOI22_X4                fr   1429.8     62.0     62.0      0.0      3.9      0.3     25.8      1    47,   46  /PD_TOP        (1.10)
adder/genblk1_20_full_adder_inst/i_0_3/A->ZN
                         INV_X8                  rf   1438.1      8.3      8.3      0.0     50.3      0.6      8.3      2    47,   46  /PD_TOP        (1.10)
adder/genblk1_21_full_adder_inst/i_0_2/A2->ZN
                         AOI22_X4                fr   1500.1     62.0     62.0      0.0      3.9      0.3     25.8      1    47,   46  /PD_TOP        (1.10)
adder/genblk1_21_full_adder_inst/i_0_3/A->ZN
                         INV_X8                  rf   1508.4      8.3      8.3      0.0     50.3      0.6      8.3      2    47,   46  /PD_TOP        (1.10)
adder/genblk1_22_full_adder_inst/i_0_2/A2->ZN
                         AOI22_X4                fr   1570.4     62.0     62.0      0.0      3.9      0.3     25.8      1    47,   46  /PD_TOP        (1.10)
adder/genblk1_22_full_adder_inst/i_0_3/A->ZN
                         INV_X8                  rf   1578.7      8.3      8.3      0.0     50.3      0.6      8.3      2    47,   46  /PD_TOP        (1.10)
adder/genblk1_23_full_adder_inst/i_0_2/A2->ZN
                         AOI22_X4                fr   1640.7     62.0     62.0      0.0      3.9      0.3     25.8      1    47,   46  /PD_TOP        (1.10)
adder/genblk1_23_full_adder_inst/i_0_3/A->ZN
                         INV_X8                  rf   1649.0      8.3      8.3      0.0     50.3      0.6      8.3      2    47,   46  /PD_TOP        (1.10)
adder/genblk1_24_full_adder_inst/i_0_2/A2->ZN
                         AOI22_X4                fr   1711.0     62.0     62.0      0.0      3.9      0.3     25.8      1    47,   46  /PD_TOP        (1.10)
adder/genblk1_24_full_adder_inst/i_0_3/A->ZN
                         INV_X8                  rf   1719.3      8.3      8.3      0.0     50.3      0.6      8.3      2    47,   46  /PD_TOP        (1.10)
adder/genblk1_25_full_adder_inst/i_0_2/A2->ZN
                         AOI22_X4                fr   1781.3     62.0     62.0      0.0      3.9      0.3     25.8      1    47,   46  /PD_TOP        (1.10)
adder/genblk1_25_full_adder_inst/i_0_3/A->ZN
                         INV_X8                  rf   1789.6      8.3      8.3      0.0     50.3      0.6      8.3      2    47,   46  /PD_TOP        (1.10)
adder/genblk1_26_full_adder_inst/i_0_2/A2->ZN
                         AOI22_X4                fr   1851.6     62.0     62.0      0.0      3.9      0.3     25.8      1    47,   46  /PD_TOP        (1.10)
adder/genblk1_26_full_adder_inst/i_0_3/A->ZN
                         INV_X8                  rf   1859.9      8.3      8.3      0.0     50.3      0.6      8.3      2    47,   46  /PD_TOP        (1.10)
adder/genblk1_27_full_adder_inst/i_0_2/A2->ZN
                         AOI22_X4                fr   1921.9     62.0     62.0      0.0      3.9      0.3     25.8      1    47,   46  /PD_TOP        (1.10)
adder/genblk1_27_full_adder_inst/i_0_3/A->ZN
                         INV_X8                  rf   1930.2      8.3      8.3      0.0     50.3      0.6      8.3      2    47,   46  /PD_TOP        (1.10)
adder/genblk1_28_full_adder_inst/i_0_2/A2->ZN
                         AOI22_X4                fr   1992.2     62.0     62.0      0.0      3.9      0.3     25.8      1    47,   46  /PD_TOP        (1.10)
adder/genblk1_28_full_adder_inst/i_0_3/A->ZN
                         INV_X8                  rf   2000.5      8.3      8.3      0.0     50.3      0.6      8.3      2    47,   46  /PD_TOP        (1.10)
adder/genblk1_29_full_adder_inst/i_0_2/A2->ZN
                         AOI22_X4                fr   2062.5     62.0     62.0      0.0      3.9      0.3     25.8      1    47,   46  /PD_TOP        (1.10)
adder/genblk1_29_full_adder_inst/i_0_3/A->ZN
                         INV_X8                  rf   2070.8      8.3      8.3      0.0     50.3      0.6      8.3      2    47,   46  /PD_TOP        (1.10)
adder/genblk1_30_full_adder_inst/i_0_2/A2->ZN
                         AOI22_X4                fr   2132.8     62.0     62.0      0.0      3.9      0.3     25.8      1    47,   46  /PD_TOP        (1.10)
adder/genblk1_30_full_adder_inst/i_0_3/A->ZN
                         INV_X8                  rf   2141.1      8.3      8.3      0.0     50.3      0.6      8.3      2    47,   46  /PD_TOP        (1.10)
adder/genblk1_31_full_adder_inst/i_0_2/A2->ZN
                         AOI22_X4                fr   2203.1     62.0     62.0      0.0      3.9      0.3     25.8      1    47,   46  /PD_TOP        (1.10)
adder/genblk1_31_full_adder_inst/i_0_3/A->ZN
                         INV_X8                  rf   2211.4      8.3      8.3      0.0     50.3      0.6      8.3      2    47,   46  /PD_TOP        (1.10)
adder/genblk1_32_full_adder_inst/i_0_2/A2->ZN
                         AOI22_X4                fr   2273.4     62.0     62.0      0.0      3.9      0.3     25.8      1    47,   46  /PD_TOP        (1.10)
adder/genblk1_32_full_adder_inst/i_0_3/A->ZN
                         INV_X8                  rf   2281.7      8.3      8.3      0.0     50.3      0.6      8.3      2    47,   46  /PD_TOP        (1.10)
adder/genblk1_33_full_adder_inst/i_0_2/A2->ZN
                         AOI22_X4                fr   2343.7     62.0     62.0      0.0      3.9      0.3     25.8      1    47,   46  /PD_TOP        (1.10)
adder/genblk1_33_full_adder_inst/i_0_3/A->ZN
                         INV_X8                  rf   2352.0      8.3      8.3      0.0     50.3      0.6      8.3      2    47,   46  /PD_TOP        (1.10)
adder/genblk1_34_full_adder_inst/i_0_2/A2->ZN
                         AOI22_X4                fr   2414.0     62.0     62.0      0.0      3.9      0.3     25.8      1    47,   46  /PD_TOP        (1.10)
adder/genblk1_34_full_adder_inst/i_0_3/A->ZN
                         INV_X8                  rf   2422.3      8.3      8.3      0.0     50.3      0.6      8.3      2    47,   46  /PD_TOP        (1.10)
adder/genblk1_35_full_adder_inst/i_0_2/A2->ZN
                         AOI22_X4                fr   2484.3     62.0     62.0      0.0      3.9      0.3     25.8      1    47,   46  /PD_TOP        (1.10)
adder/genblk1_35_full_adder_inst/i_0_3/A->ZN
                         INV_X8                  rf   2492.6      8.3      8.3      0.0     50.3      0.6      8.3      2    47,   46  /PD_TOP        (1.10)
adder/genblk1_36_full_adder_inst/i_0_2/A2->ZN
                         AOI22_X4                fr   2554.6     62.0     62.0      0.0      3.9      0.3     25.8      1    47,   46  /PD_TOP        (1.10)
adder/genblk1_36_full_adder_inst/i_0_3/A->ZN
                         INV_X8                  rf   2562.9      8.3      8.3      0.0     50.3      0.6      8.3      2    47,   46  /PD_TOP        (1.10)
adder/genblk1_37_full_adder_inst/i_0_2/A2->ZN
                         AOI22_X4                fr   2624.9     62.0     62.0      0.0      3.9      0.3     25.8      1    47,   46  /PD_TOP        (1.10)
adder/genblk1_37_full_adder_inst/i_0_3/A->ZN
                         INV_X8                  rf   2633.2      8.3      8.3      0.0     50.3      0.6      8.3      2    47,   46  /PD_TOP        (1.10)
adder/genblk1_38_full_adder_inst/i_0_2/A2->ZN
                         AOI22_X4                fr   2695.2     62.0     62.0      0.0      3.9      0.3     25.8      1    47,   46  /PD_TOP        (1.10)
adder/genblk1_38_full_adder_inst/i_0_3/A->ZN
                         INV_X8                  rf   2703.5      8.3      8.3      0.0     50.3      0.6      8.3      2    47,   46  /PD_TOP        (1.10)
adder/genblk1_39_full_adder_inst/i_0_2/A2->ZN
                         AOI22_X4                fr   2765.5     62.0     62.0      0.0      3.9      0.3     25.8      1    47,   46  /PD_TOP        (1.10)
adder/genblk1_39_full_adder_inst/i_0_3/A->ZN
                         INV_X8                  rf   2773.8      8.3      8.3      0.0     50.3      0.6      8.3      2    47,   46  /PD_TOP        (1.10)
adder/genblk1_40_full_adder_inst/i_0_2/A2->ZN
                         AOI22_X4                fr   2835.8     62.0     62.0      0.0      3.9      0.3     25.8      1    47,   46  /PD_TOP        (1.10)
adder/genblk1_40_full_adder_inst/i_0_3/A->ZN
                         INV_X8                  rf   2844.1      8.3      8.3      0.0     50.3      0.6      8.3      2    47,   46  /PD_TOP        (1.10)
adder/genblk1_41_full_adder_inst/i_0_2/A2->ZN
                         AOI22_X4                fr   2906.1     62.0     62.0      0.0      3.9      0.3     25.8      1    47,   46  /PD_TOP        (1.10)
adder/genblk1_41_full_adder_inst/i_0_3/A->ZN
                         INV_X8                  rf   2914.4      8.3      8.3      0.0     50.3      0.6      8.3      2    47,   46  /PD_TOP        (1.10)
adder/genblk1_42_full_adder_inst/i_0_2/A2->ZN
                         AOI22_X4                fr   2976.4     62.0     62.0      0.0      3.9      0.3     25.8      1    47,   46  /PD_TOP        (1.10)
adder/genblk1_42_full_adder_inst/i_0_3/A->ZN
                         INV_X8                  rf   2984.7      8.3      8.3      0.0     50.3      0.6      8.3      2    47,   46  /PD_TOP        (1.10)
adder/genblk1_43_full_adder_inst/i_0_2/A2->ZN
                         AOI22_X4                fr   3046.7     62.0     62.0      0.0      3.9      0.3     25.8      1    47,   46  /PD_TOP        (1.10)
adder/genblk1_43_full_adder_inst/i_0_3/A->ZN
                         INV_X8                  rf   3055.0      8.3      8.3      0.0     50.3      0.6      8.3      2    47,   46  /PD_TOP        (1.10)
adder/genblk1_44_full_adder_inst/i_0_2/A2->ZN
                         AOI22_X4                fr   3117.0     62.0     62.0      0.0      3.9      0.3     25.8      1    47,   46  /PD_TOP        (1.10)
adder/genblk1_44_full_adder_inst/i_0_3/A->ZN
                         INV_X8                  rf   3125.3      8.3      8.3      0.0     50.3      0.6      8.3      2    47,   46  /PD_TOP        (1.10)
adder/genblk1_45_full_adder_inst/i_0_2/A2->ZN
                         AOI22_X4                fr   3187.3     62.0     62.0      0.0      3.9      0.3     25.8      1    47,   46  /PD_TOP        (1.10)
adder/genblk1_45_full_adder_inst/i_0_3/A->ZN
                         INV_X8                  rf   3195.6      8.3      8.3      0.0     50.3      0.6      8.3      2    47,   46  /PD_TOP        (1.10)
adder/genblk1_46_full_adder_inst/i_0_2/A2->ZN
                         AOI22_X4                fr   3257.6     62.0     62.0      0.0      3.9      0.3     25.8      1    47,   46  /PD_TOP        (1.10)
adder/genblk1_46_full_adder_inst/i_0_3/A->ZN
                         INV_X8                  rf   3265.9      8.3      8.3      0.0     50.3      0.6      8.3      2    47,   46  /PD_TOP        (1.10)
adder/genblk1_47_full_adder_inst/i_0_2/A2->ZN
                         AOI22_X4                fr   3327.9     62.0     62.0      0.0      3.9      0.3     25.8      1    47,   46  /PD_TOP        (1.10)
adder/genblk1_47_full_adder_inst/i_0_3/A->ZN
                         INV_X8                  rf   3336.2      8.3      8.3      0.0     50.3      0.6      8.3      2    47,   46  /PD_TOP        (1.10)
adder/genblk1_48_full_adder_inst/i_0_2/A2->ZN
                         AOI22_X4                fr   3398.2     62.0     62.0      0.0      3.9      0.3     25.8      1    47,   46  /PD_TOP        (1.10)
adder/genblk1_48_full_adder_inst/i_0_3/A->ZN
                         INV_X8                  rf   3406.5      8.3      8.3      0.0     50.3      0.6      8.3      2    47,   46  /PD_TOP        (1.10)
adder/genblk1_49_full_adder_inst/i_0_2/A2->ZN
                         AOI22_X4                fr   3468.5     62.0     62.0      0.0      3.9      0.3     25.8      1    47,   46  /PD_TOP        (1.10)
adder/genblk1_49_full_adder_inst/i_0_3/A->ZN
                         INV_X8                  rf   3476.8      8.3      8.3      0.0     50.3      0.6      8.3      2    47,   46  /PD_TOP        (1.10)
adder/genblk1_50_full_adder_inst/i_0_2/A2->ZN
                         AOI22_X4                fr   3538.8     62.0     62.0      0.0      3.9      0.3     25.8      1    47,   46  /PD_TOP        (1.10)
adder/genblk1_50_full_adder_inst/i_0_3/A->ZN
                         INV_X8                  rf   3547.1      8.3      8.3      0.0     50.3      0.6      8.3      2    47,   46  /PD_TOP        (1.10)
adder/genblk1_51_full_adder_inst/i_0_2/A2->ZN
                         AOI22_X4                fr   3609.1     62.0     62.0      0.0      3.9      0.3     25.8      1    47,   46  /PD_TOP        (1.10)
adder/genblk1_51_full_adder_inst/i_0_3/A->ZN
                         INV_X8                  rf   3617.4      8.3      8.3      0.0     50.3      0.6      8.3      2    47,   46  /PD_TOP        (1.10)
adder/genblk1_52_full_adder_inst/i_0_2/A2->ZN
                         AOI22_X4                fr   3679.4     62.0     62.0      0.0      3.9      0.3     25.8      1    47,   46  /PD_TOP        (1.10)
adder/genblk1_52_full_adder_inst/i_0_3/A->ZN
                         INV_X8                  rf   3687.7      8.3      8.3      0.0     50.3      0.6      8.3      2    47,   46  /PD_TOP        (1.10)
adder/genblk1_53_full_adder_inst/i_0_2/A2->ZN
                         AOI22_X4                fr   3749.7     62.0     62.0      0.0      3.9      0.3     25.8      1    47,   46  /PD_TOP        (1.10)
adder/genblk1_53_full_adder_inst/i_0_3/A->ZN
                         INV_X8                  rf   3758.0      8.3      8.3      0.0     50.3      0.6      8.3      2    47,   46  /PD_TOP        (1.10)
adder/genblk1_54_full_adder_inst/i_0_2/A2->ZN
                         AOI22_X4                fr   3820.0     62.0     62.0      0.0      3.9      0.3     25.8      1    47,   46  /PD_TOP        (1.10)
adder/genblk1_54_full_adder_inst/i_0_3/A->ZN
                         INV_X8                  rf   3828.3      8.3      8.3      0.0     50.3      0.6      8.3      2    47,   46  /PD_TOP        (1.10)
adder/genblk1_55_full_adder_inst/i_0_2/A2->ZN
                         AOI22_X4                fr   3890.3     62.0     62.0      0.0      3.9      0.3     25.8      1    47,   46  /PD_TOP        (1.10)
adder/genblk1_55_full_adder_inst/i_0_3/A->ZN
                         INV_X8                  rf   3898.6      8.3      8.3      0.0     50.3      0.6      8.3      2    47,   46  /PD_TOP        (1.10)
adder/genblk1_56_full_adder_inst/i_0_2/A2->ZN
                         AOI22_X4                fr   3960.6     62.0     62.0      0.0      3.9      0.3     25.8      1    47,   46  /PD_TOP        (1.10)
adder/genblk1_56_full_adder_inst/i_0_3/A->ZN
                         INV_X8                  rf   3968.9      8.3      8.3      0.0     50.3      0.6      8.3      2    47,   46  /PD_TOP        (1.10)
adder/genblk1_57_full_adder_inst/i_0_2/A2->ZN
                         AOI22_X4                fr   4030.9     62.0     62.0      0.0      3.9      0.3     25.8      1    47,   46  /PD_TOP        (1.10)
adder/genblk1_57_full_adder_inst/i_0_3/A->ZN
                         INV_X8                  rf   4039.2      8.3      8.3      0.0     50.3      0.6      8.3      2    47,   46  /PD_TOP        (1.10)
adder/genblk1_58_full_adder_inst/i_0_2/A2->ZN
                         AOI22_X4                fr   4101.2     62.0     62.0      0.0      3.9      0.3     25.8      1    47,   46  /PD_TOP        (1.10)
adder/genblk1_58_full_adder_inst/i_0_3/A->ZN
                         INV_X8                  rf   4109.5      8.3      8.3      0.0     50.3      0.6      8.3      2    47,   46  /PD_TOP        (1.10)
adder/genblk1_59_full_adder_inst/i_0_2/A2->ZN
                         AOI22_X4                fr   4171.5     62.0     62.0      0.0      3.9      0.3     25.8      1    47,   46  /PD_TOP        (1.10)
adder/genblk1_59_full_adder_inst/i_0_3/A->ZN
                         INV_X8                  rf   4179.8      8.3      8.3      0.0     50.3      0.6      8.3      2    47,   46  /PD_TOP        (1.10)
adder/genblk1_60_full_adder_inst/i_0_2/A2->ZN
                         AOI22_X4                fr   4241.8     62.0     62.0      0.0      3.9      0.3     25.8      1    47,   46  /PD_TOP        (1.10)
adder/genblk1_60_full_adder_inst/i_0_3/A->ZN
                         INV_X8                  rf   4250.1      8.3      8.3      0.0     50.3      0.6      8.3      2    47,   46  /PD_TOP        (1.10)
adder/genblk1_61_full_adder_inst/i_0_2/A2->ZN
                         AOI22_X4                fr   4312.1     62.0     62.0      0.0      3.9      0.3     25.8      1    47,   46  /PD_TOP        (1.10)
adder/genblk1_61_full_adder_inst/i_0_3/A->ZN
                         INV_X8                  rf   4320.4      8.3      8.3      0.0     50.3      0.6      8.3      2    47,   46  /PD_TOP        (1.10)
adder/genblk1_62_full_adder_inst/i_0_2/A2->ZN
                         AOI22_X4                fr   4382.4     62.0     62.0      0.0      3.9      0.3     25.8      1    47,   46  /PD_TOP        (1.10)
adder/genblk1_62_full_adder_inst/i_0_3/A->ZN
                         INV_X8                  rf   4390.7      8.3      8.3      0.0     50.3      0.6      8.3      2    47,   46  /PD_TOP        (1.10)
adder/genblk1_63_full_adder_inst/i_0_2/A2->ZN
                         AOI22_X4                fr   4452.7     62.0     62.0      0.0      3.9      0.3     25.8      1    47,   46  /PD_TOP        (1.10)
adder/genblk1_63_full_adder_inst/i_0_3/A->ZN
                         INV_X4                  rf   4457.3      4.6      4.6      0.0     50.3      0.3      1.4      1    47,   46  /PD_TOP        (1.10)
RReg/MyData_reg[64]/D    DFFR_X1                  f   4457.3      0.0               0.0      3.2                             47,   46  /PD_TOP        (1.10)
------------------------------------------------------------------------------------------------------------------------------------------------------------
Report for group I2O
Report for group R2O
------------------------------------------------------------------------------------------------------------------------------------------------------------
Startpoint: RReg/MyData_reg[64]/Q
    (Clocked by vsysclk R)
Endpoint: result[64]
    (Clocked by vsysclk R)
Path Group: R2O
Data required time: 4500.0
    (Clock shift: 5000.0, minus Uncertainty: 0.0, plus Latency 0.0, minus Out delay: 500.0)
Data arrival time: 92.7
Slack: 4407.3
Logic depth: 0
------------------------------------------------------------------------------------------------------------------------------------------------------------
                                                     Arrival               Arc      Net               Net    Total   fan-                                   
Path                     Module/Cell           Edge     Time    Delay    Delay    Delay     Slew     Load     Load    out     Location Power Domain      (V)
                                                        (ps)     (ps)     (ps)     (ps)     (ps)     (ff)     (ff)    (#)      (um,um)                      
------------------------------------------------------------------------------------------------------------------------------------------------------------
clk                      {create_clock}           r      0.0      0.0      0.0                        0.0      0.0      1    47,    0                       
RReg/clk_gate_MyData_reg/CK->GCK
                         CLKGATETST_X1           rr      0.0      0.0      0.0      0.0      0.0      0.0      0.0     65    47,   46  /PD_TOP        (1.10)
RReg/MyData_reg[64]/CK->Q
                         DFFR_X1                 rf     92.3     92.3     92.3      0.0      0.0      3.0      6.4      1    47,   46  /PD_TOP        (1.10)
result[64]                                        f     92.7      0.4               0.4     11.3                             39,    0                       
------------------------------------------------------------------------------------------------------------------------------------------------------------
