warning: No library characterized for (process = 1.00 voltage = 0.85 temperature = 25.00) can be found in the database for power domain '/PD_TOP'  [NL-174]
Report Power (instances with prefix '*' are included in total) : 
-----+--------------+--------------------+---------------------+-------------------+-----------------
     | Instance     | Internal Power(uw) | Switching Power(uw) | Leakage Power(uw) | Total Power(uw) 
-----+--------------+--------------------+---------------------+-------------------+-----------------
1    |*rca          |            0.860987|             1.788408|           0.452094|         3.101489
2    |*i_0_0_0      |            0.074974|             0.187668|           0.036164|         0.298805
3    |*genblk1_1_cia|            1.377901|             2.322998|           0.719708|         4.420607
4    |*genblk1_2_cia|            1.379042|             2.326829|           0.719708|         4.425580
5    |*genblk1_3_cia|            1.379074|             2.327285|           0.719708|         4.426067
6    |*genblk1_4_cia|            1.379077|             2.327888|           0.719708|         4.426673
7    |*genblk1_5_cia|            1.379077|             2.328248|           0.719708|         4.427033
8    |*genblk1_6_cia|            1.379080|             2.328847|           0.719708|         4.427636
9    |*genblk1_7_cia|            1.382900|             2.531523|           0.719708|         4.634130
10   |              |                    |                     |                   |                 
11   |*TOTAL        |           10.592112|            18.469694|           5.526215|        34.588020
-----+--------------+--------------------+---------------------+-------------------+-----------------
