warning: No library characterized for (process = 1.00 voltage = 0.85 temperature = 25.00) can be found in the database for power domain '/PD_TOP'  [NL-174]
Report Power (instances with prefix '*' are included in total) : 
-----+------------+--------------------+---------------------+-------------------+-----------------
     | Instance   | Internal Power(uw) | Switching Power(uw) | Leakage Power(uw) | Total Power(uw) 
-----+------------+--------------------+---------------------+-------------------+-----------------
1    |*rc0        |            1.887571|             4.210326|           0.973247|         7.071143
2    |*byPass0    |            0.690793|             0.790730|           0.382316|         1.863838
3    |*byPassFinal|            0.717100|             0.708295|           0.382691|         1.808086
4    |*byPass2    |            0.717539|             0.723428|           0.382691|         1.823658
5    |*byPass1    |            0.717541|             0.723431|           0.382691|         1.823663
6    |*rc3        |            2.132905|             4.414176|           1.078469|         7.625550
7    |*rc2        |            2.060953|             4.116309|           1.042305|         7.219567
8    |*rc1        |            2.061526|             4.114165|           1.042305|         7.217997
9    |            |                    |                     |                   |                 
10   |*TOTAL      |           10.985928|            19.800858|           5.666716|        36.453499
-----+------------+--------------------+---------------------+-------------------+-----------------
