Report for group default
Report for group I2R
Report for group I2O
------------------------------------------------------------------------------------------------------------------------------------------------------------
Startpoint: a[0]
    (Clocked by vsysclk R)
Endpoint: cout
    (Clocked by vsysclk R)
Path Group: I2O
Data required time: 19500.0
    (Clock shift: 20000.0, minus Uncertainty: 0.0, plus Latency 0.0, minus Out delay: 500.0)
Data arrival time: 2705.4
Slack: 16794.6
Logic depth: 68
------------------------------------------------------------------------------------------------------------------------------------------------------------
                                                     Arrival               Arc      Net               Net    Total   fan-                                   
Path                     Module/Cell           Edge     Time    Delay    Delay    Delay     Slew     Load     Load    out     Location Power Domain      (V)
                                                        (ps)     (ps)     (ps)     (ps)     (ps)     (ff)     (ff)    (#)      (um,um)                      
------------------------------------------------------------------------------------------------------------------------------------------------------------
a[0]                     {set_input_delay}        f   1000.0   1000.0   1000.0                        2.4     11.7      3     0,   39                       
rc0/genblk1_0_fa/i_0_1/A2->ZN
                         AND2_X4                 ff   1028.1     27.9     27.9      0.0      0.0      0.8     11.7      3    40,   40  /PD_TOP        (1.10)
rc0/genblk1_1_fa/i_0_1/B1->ZN
                         OAI21_X4                fr   1054.0     26.1     25.9      0.2      7.4      0.3      4.2      1    40,   40  /PD_TOP        (1.10)
rc0/genblk1_1_fa/i_0_0/A2->ZN
                         NAND2_X4                rf   1074.3     20.3     20.3      0.0     18.3      0.8     11.7      3    40,   40  /PD_TOP        (1.10)
rc0/genblk1_2_fa/i_0_1/B1->ZN
                         OAI21_X4                fr   1101.2     26.9     26.9      0.0      9.9      0.3      4.2      1    40,   40  /PD_TOP        (1.10)
rc0/genblk1_2_fa/i_0_0/A2->ZN
                         NAND2_X4                rf   1121.5     20.3     20.3      0.0     18.3      0.8     11.7      3    40,   40  /PD_TOP        (1.10)
rc0/genblk1_3_fa/i_0_1/B1->ZN
                         OAI21_X4                fr   1148.4     26.9     26.9      0.0      9.9      0.3      4.2      1    40,   40  /PD_TOP        (1.10)
rc0/genblk1_3_fa/i_0_0/A2->ZN
                         NAND2_X4                rf   1168.7     20.3     20.3      0.0     18.3      0.8     11.7      3    40,   40  /PD_TOP        (1.10)
rc0/genblk1_4_fa/i_0_1/B1->ZN
                         OAI21_X4                fr   1195.6     26.9     26.9      0.0      9.9      0.3      4.2      1    40,   40  /PD_TOP        (1.10)
rc0/genblk1_4_fa/i_0_0/A2->ZN
                         NAND2_X4                rf   1215.9     20.3     20.3      0.0     18.3      0.8     11.7      3    40,   40  /PD_TOP        (1.10)
rc0/genblk1_5_fa/i_0_1/B1->ZN
                         OAI21_X4                fr   1242.8     26.9     26.9      0.0      9.9      0.3      4.2      1    40,   40  /PD_TOP        (1.10)
rc0/genblk1_5_fa/i_0_0/A2->ZN
                         NAND2_X4                rf   1263.1     20.3     20.3      0.0     18.3      0.8     11.7      3    40,   40  /PD_TOP        (1.10)
rc0/genblk1_6_fa/i_0_1/B1->ZN
                         OAI21_X4                fr   1290.0     26.9     26.9      0.0      9.9      0.3      4.2      1    40,   40  /PD_TOP        (1.10)
rc0/genblk1_6_fa/i_0_0/A2->ZN
                         NAND2_X4                rf   1310.3     20.3     20.3      0.0     18.3      0.8     11.7      3    40,   40  /PD_TOP        (1.10)
rc0/genblk1_7_fa/i_0_1/B1->ZN
                         OAI21_X4                fr   1337.2     26.9     26.9      0.0      9.9      0.3      4.2      1    40,   40  /PD_TOP        (1.10)
rc0/genblk1_7_fa/i_0_0/A2->ZN
                         NAND2_X4                rf   1365.1     27.9     27.9      0.0     18.3      0.3     25.7      1    40,   40  /PD_TOP        (1.10)
byPass0/byPassMux/i_0_0/A->ZN
                         INV_X8                  fr   1377.8     12.7     12.7      0.0     15.7      0.3      4.5      1    40,   40  /PD_TOP        (1.10)
byPass0/byPassMux/i_0_1/A1->ZN
                         NOR2_X4                 rf   1388.1     10.3     10.3      0.0      5.3      1.1     13.4      4    40,   40  /PD_TOP        (1.10)
rc1/genblk1_0_fa/i_0_1/B1->ZN
                         OAI21_X4                fr   1414.1     26.0     26.0      0.0      7.7      0.3      4.2      1    40,   40  /PD_TOP        (1.10)
rc1/genblk1_0_fa/i_0_0/A2->ZN
                         NAND2_X4                rf   1434.4     20.3     20.3      0.0     18.3      0.8     11.7      3    40,   40  /PD_TOP        (1.10)
rc1/genblk1_1_fa/i_0_1/B1->ZN
                         OAI21_X4                fr   1461.3     26.9     26.9      0.0      9.9      0.3      4.2      1    40,   40  /PD_TOP        (1.10)
rc1/genblk1_1_fa/i_0_0/A2->ZN
                         NAND2_X4                rf   1481.6     20.3     20.3      0.0     18.3      0.8     11.7      3    40,   40  /PD_TOP        (1.10)
rc1/genblk1_2_fa/i_0_1/B1->ZN
                         OAI21_X4                fr   1508.5     26.9     26.9      0.0      9.9      0.3      4.2      1    40,   40  /PD_TOP        (1.10)
rc1/genblk1_2_fa/i_0_0/A2->ZN
                         NAND2_X4                rf   1528.8     20.3     20.3      0.0     18.3      0.8     11.7      3    40,   40  /PD_TOP        (1.10)
rc1/genblk1_3_fa/i_0_1/B1->ZN
                         OAI21_X4                fr   1555.7     26.9     26.9      0.0      9.9      0.3      4.2      1    40,   40  /PD_TOP        (1.10)
rc1/genblk1_3_fa/i_0_0/A2->ZN
                         NAND2_X4                rf   1576.0     20.3     20.3      0.0     18.3      0.8     11.7      3    40,   40  /PD_TOP        (1.10)
rc1/genblk1_4_fa/i_0_1/B1->ZN
                         OAI21_X4                fr   1602.9     26.9     26.9      0.0      9.9      0.3      4.2      1    40,   40  /PD_TOP        (1.10)
rc1/genblk1_4_fa/i_0_0/A2->ZN
                         NAND2_X4                rf   1623.2     20.3     20.3      0.0     18.3      0.8     11.7      3    40,   40  /PD_TOP        (1.10)
rc1/genblk1_5_fa/i_0_1/B1->ZN
                         OAI21_X4                fr   1650.1     26.9     26.9      0.0      9.9      0.3      4.2      1    40,   40  /PD_TOP        (1.10)
rc1/genblk1_5_fa/i_0_0/A2->ZN
                         NAND2_X4                rf   1670.4     20.3     20.3      0.0     18.3      0.8     11.7      3    40,   40  /PD_TOP        (1.10)
rc1/genblk1_6_fa/i_0_1/B1->ZN
                         OAI21_X4                fr   1697.3     26.9     26.9      0.0      9.9      0.3      4.2      1    40,   40  /PD_TOP        (1.10)
rc1/genblk1_6_fa/i_0_0/A2->ZN
                         NAND2_X4                rf   1717.6     20.3     20.3      0.0     18.3      0.8     11.7      3    40,   40  /PD_TOP        (1.10)
rc1/genblk1_7_fa/i_0_1/B1->ZN
                         OAI21_X4                fr   1744.5     26.9     26.9      0.0      9.9      0.3      4.2      1    40,   40  /PD_TOP        (1.10)
rc1/genblk1_7_fa/i_0_0/A2->ZN
                         NAND2_X2                rf   1757.9     13.4     13.4      0.0     18.3      0.3      1.6      1    40,   40  /PD_TOP        (1.10)
byPass1/byPassMux/i_0_0/A->Z
                         MUX2_X2                 ff   1823.2     65.3     65.3      0.0      5.8      1.2     13.4      4    40,   40  /PD_TOP        (1.10)
rc2/genblk1_0_fa/i_0_1/B1->ZN
                         OAI21_X4                fr   1852.5     29.3     29.3      0.0     15.9      0.3      4.2      1    40,   40  /PD_TOP        (1.10)
rc2/genblk1_0_fa/i_0_0/A2->ZN
                         NAND2_X4                rf   1872.8     20.3     20.3      0.0     18.3      0.8     11.7      3    40,   40  /PD_TOP        (1.10)
rc2/genblk1_1_fa/i_0_1/B1->ZN
                         OAI21_X4                fr   1899.7     26.9     26.9      0.0      9.9      0.3      4.2      1    40,   40  /PD_TOP        (1.10)
rc2/genblk1_1_fa/i_0_0/A2->ZN
                         NAND2_X4                rf   1920.0     20.3     20.3      0.0     18.3      0.8     11.7      3    40,   40  /PD_TOP        (1.10)
rc2/genblk1_2_fa/i_0_1/B1->ZN
                         OAI21_X4                fr   1946.9     26.9     26.9      0.0      9.9      0.3      4.2      1    40,   40  /PD_TOP        (1.10)
rc2/genblk1_2_fa/i_0_0/A2->ZN
                         NAND2_X4                rf   1967.2     20.3     20.3      0.0     18.3      0.8     11.7      3    40,   40  /PD_TOP        (1.10)
rc2/genblk1_3_fa/i_0_1/B1->ZN
                         OAI21_X4                fr   1994.1     26.9     26.9      0.0      9.9      0.3      4.2      1    40,   40  /PD_TOP        (1.10)
rc2/genblk1_3_fa/i_0_0/A2->ZN
                         NAND2_X4                rf   2014.4     20.3     20.3      0.0     18.3      0.8     11.7      3    40,   40  /PD_TOP        (1.10)
rc2/genblk1_4_fa/i_0_1/B1->ZN
                         OAI21_X4                fr   2041.3     26.9     26.9      0.0      9.9      0.3      4.2      1    40,   40  /PD_TOP        (1.10)
rc2/genblk1_4_fa/i_0_0/A2->ZN
                         NAND2_X4                rf   2061.6     20.3     20.3      0.0     18.3      0.8     11.7      3    40,   40  /PD_TOP        (1.10)
rc2/genblk1_5_fa/i_0_1/B1->ZN
                         OAI21_X4                fr   2088.5     26.9     26.9      0.0      9.9      0.3      4.2      1    40,   40  /PD_TOP        (1.10)
rc2/genblk1_5_fa/i_0_0/A2->ZN
                         NAND2_X4                rf   2108.8     20.3     20.3      0.0     18.3      0.8     11.7      3    40,   40  /PD_TOP        (1.10)
rc2/genblk1_6_fa/i_0_1/B1->ZN
                         OAI21_X4                fr   2135.7     26.9     26.9      0.0      9.9      0.3      4.2      1    40,   40  /PD_TOP        (1.10)
rc2/genblk1_6_fa/i_0_0/A2->ZN
                         NAND2_X4                rf   2156.0     20.3     20.3      0.0     18.3      0.8     11.7      3    40,   40  /PD_TOP        (1.10)
rc2/genblk1_7_fa/i_0_1/B1->ZN
                         OAI21_X4                fr   2182.9     26.9     26.9      0.0      9.9      0.3      4.2      1    40,   40  /PD_TOP        (1.10)
rc2/genblk1_7_fa/i_0_0/A2->ZN
                         NAND2_X2                rf   2196.3     13.4     13.4      0.0     18.3      0.3      1.6      1    40,   40  /PD_TOP        (1.10)
byPass2/byPassMux/i_0_0/A->Z
                         MUX2_X2                 ff   2261.6     65.3     65.3      0.0      5.8      1.2     13.4      4    40,   40  /PD_TOP        (1.10)
rc3/genblk1_0_fa/i_0_1/B1->ZN
                         OAI21_X4                fr   2290.9     29.3     29.3      0.0     15.9      0.3      4.2      1    40,   40  /PD_TOP        (1.10)
rc3/genblk1_0_fa/i_0_0/A2->ZN
                         NAND2_X4                rf   2311.2     20.3     20.3      0.0     18.3      0.8     11.7      3    40,   40  /PD_TOP        (1.10)
rc3/genblk1_1_fa/i_0_1/B1->ZN
                         OAI21_X4                fr   2338.1     26.9     26.9      0.0      9.9      0.3      4.2      1    40,   40  /PD_TOP        (1.10)
rc3/genblk1_1_fa/i_0_0/A2->ZN
                         NAND2_X4                rf   2358.4     20.3     20.3      0.0     18.3      0.8     11.7      3    40,   40  /PD_TOP        (1.10)
rc3/genblk1_2_fa/i_0_1/B1->ZN
                         OAI21_X4                fr   2385.3     26.9     26.9      0.0      9.9      0.3      4.2      1    40,   40  /PD_TOP        (1.10)
rc3/genblk1_2_fa/i_0_0/A2->ZN
                         NAND2_X4                rf   2405.6     20.3     20.3      0.0     18.3      0.8     11.7      3    40,   40  /PD_TOP        (1.10)
rc3/genblk1_3_fa/i_0_1/B1->ZN
                         OAI21_X4                fr   2432.5     26.9     26.9      0.0      9.9      0.3      4.2      1    40,   40  /PD_TOP        (1.10)
rc3/genblk1_3_fa/i_0_0/A2->ZN
                         NAND2_X4                rf   2452.8     20.3     20.3      0.0     18.3      0.8     11.7      3    40,   40  /PD_TOP        (1.10)
rc3/genblk1_4_fa/i_0_1/B1->ZN
                         OAI21_X4                fr   2479.7     26.9     26.9      0.0      9.9      0.3      4.2      1    40,   40  /PD_TOP        (1.10)
rc3/genblk1_4_fa/i_0_0/A2->ZN
                         NAND2_X4                rf   2500.0     20.3     20.3      0.0     18.3      0.8     11.7      3    40,   40  /PD_TOP        (1.10)
rc3/genblk1_5_fa/i_0_1/B1->ZN
                         OAI21_X4                fr   2526.9     26.9     26.9      0.0      9.9      0.3      4.2      1    40,   40  /PD_TOP        (1.10)
rc3/genblk1_5_fa/i_0_0/A2->ZN
                         NAND2_X4                rf   2547.2     20.3     20.3      0.0     18.3      0.8     11.7      3    40,   40  /PD_TOP        (1.10)
rc3/genblk1_6_fa/i_0_1/B1->ZN
                         OAI21_X4                fr   2574.1     26.9     26.9      0.0      9.9      0.3      4.2      1    40,   40  /PD_TOP        (1.10)
rc3/genblk1_6_fa/i_0_0/A2->ZN
                         NAND2_X4                rf   2596.4     22.3     22.3      0.0     18.3      1.1     15.3      4    40,   40  /PD_TOP        (1.10)
rc3/genblk1_7_fa/i_0_1/B1->ZN
                         OAI21_X4                fr   2623.8     27.4     27.4      0.0     11.3      0.3      4.2      1    40,   40  /PD_TOP        (1.10)
rc3/genblk1_7_fa/i_0_0/A2->ZN
                         NAND2_X4                rf   2640.3     16.5     16.5      0.0     18.3      0.6      5.3      2    40,   40  /PD_TOP        (1.10)
byPassFinal/byPassMux/i_0_0/A->Z
                         MUX2_X2                 ff   2705.2     64.9     64.9      0.0      7.4      2.4     12.4      1    40,   40  /PD_TOP        (1.10)
cout                                              f   2705.4      0.2               0.2     15.4                             38,    0                       
------------------------------------------------------------------------------------------------------------------------------------------------------------
Report for group R2O
